<html>
<body>
<pre>
<h1>µVision Build Log</h1>
<h2>Project:</h2>
D:\ASU\3rd Electrical\Second Term\Microcontroller\Project\Second Milestone\GPS-Tracking-System\Project.uvproj
Project File Date:  06/10/2021

<h2>Output:</h2>
Build target 'Target 1'
compiling main.c...
TotalDistance.h(8): warning:  #1-D: last line of file ends without a newline
  float TotalDistance(float x1,float y1,float x2,float y2);
PORTF.h(13): warning:  #1-D: last line of file ends without a newline
  void PortF_Interrupt_Init(void);
flash.h(12): warning:  #1-D: last line of file ends without a newline
  void flashRead(void* data, int wordCount);
main.c(92): warning:  #177-D: variable "lat_type" was declared but never referenced
        char lat_type;
main.c(94): warning:  #177-D: variable "longit_type" was declared but never referenced
        char longit_type;
main.c(137): warning:  #1-D: last line of file ends without a newline
  }
main.c: 6 warnings, 0 errors
linking...
Program Size: Code=18828 RO-data=1620 RW-data=32 ZI-data=4608  
".\Project.axf" - 0 Error(s), 6 Warning(s).
</pre>
</body>
</html>
total_distance[6];
main.c(138): warning:  #1-D: last line of file ends without a newline
  }
main.c: 6 warnings, 2 errors
".\Project.axf" - 2 Error(s), 6 Warning(s).
Target not created
Error: L6200E: Symbol reverse multiply defined (by main.o and main_dummy.o).
.\Project.axf: Error: L6200E: Symbol intToStr multiply defined (by main.o and main_dummy.o).
.\Project.axf: Error: L6200E: Symbol ftoa multiply defined (by main.o and main_dummy.o).
.\Project.axf: Error: L6200E: Symbol main multiply defined (by main.o and main_dummy.o).
Not enough information to list image symbols.
Not enough information to list the image map.
Finished: 2 information, 0 warning and 6 error messages.
".\Project.axf" - 6 Error(s), 7 Warning(s).
Target not created
  float TotalDistance(float x1,float y1,float x2,float y2);
PORTF.h(13): warning:  #1-D: last line of file ends without a newline
  void PortF_Interrupt_Init(void);
flash.h(12): warning:  #1-D: last line of file ends without a newline
  void flashRead(void* data, int wordCount);
main.c(102): error:  #140: too many arguments in function call
                        get_coordinates(lat, longit, &lat_type, &longit_type);
main.c(131): error:  #268: declaration may not appear after executable statement in block
                char lcd_total_distance[6];
main.c(132): warning:  #223-D: function "PortF_Output" declared implicitly
                PortF_Output(0x08);
main.c(137): warning:  #1-D: last line of file ends without a newline
  }
main.c: 5 warnings, 2 errors
".\Project.axf" - 2 Error(s), 16 Warning(s).
Target not created
