ARM Linker, 5.03 [Build 76] [MDK-ARM Lite]

==============================================================================

Section Cross References

    startup_tm4c123.o(STACK) refers (Special) to heapauxi.o(.text) for __use_two_region_memory
    startup_tm4c123.o(HEAP) refers (Special) to heapauxi.o(.text) for __use_two_region_memory
    startup_tm4c123.o(RESET) refers (Special) to heapauxi.o(.text) for __use_two_region_memory
    startup_tm4c123.o(RESET) refers to startup_tm4c123.o(STACK) for __initial_sp
    startup_tm4c123.o(RESET) refers to startup_tm4c123.o(.text) for Reset_Handler
    startup_tm4c123.o(RESET) refers to main.o(.text) for GPIOF_Handler
    startup_tm4c123.o(.text) refers (Special) to heapauxi.o(.text) for __use_two_region_memory
    startup_tm4c123.o(.text) refers to main.o(.text) for SystemInit
    startup_tm4c123.o(.text) refers to __main.o(!!!main) for __main
    startup_tm4c123.o(.text) refers to startup_tm4c123.o(HEAP) for Heap_Mem
    startup_tm4c123.o(.text) refers to startup_tm4c123.o(STACK) for Stack_Mem
    lcd.o(.text) refers to systick timer.o(.text) for Systick_Wait1ms
    lcd.o(.text) refers to strlen.o(.text) for strlen
    uart.o(.text) refers to strcmpv7m.o(.text) for strcmp
    totaldistance.o(.text) refers to f2d.o(x$fpl$f2d) for __aeabi_f2d
    totaldistance.o(.text) refers to dmul.o(x$fpl$dmul) for __aeabi_dmul
    totaldistance.o(.text) refers to ddiv.o(x$fpl$ddiv) for __aeabi_ddiv
    totaldistance.o(.text) refers to d2f.o(x$fpl$d2f) for __aeabi_d2f
    totaldistance.o(.text) refers to faddsub_clz.o(x$fpl$fsub) for __aeabi_fsub
    totaldistance.o(.text) refers to fdiv.o(x$fpl$fdiv) for __aeabi_fdiv
    totaldistance.o(.text) refers to sin.o(i.sin) for sin
    totaldistance.o(.text) refers to pow.o(i.pow) for pow
    totaldistance.o(.text) refers to cos.o(i.cos) for cos
    totaldistance.o(.text) refers to daddsub_clz.o(x$fpl$dadd) for __aeabi_dadd
    totaldistance.o(.text) refers to sqrt.o(i.sqrt) for sqrt
    totaldistance.o(.text) refers to asin.o(i.asin) for asin
    distance.o(.text) refers to strtof.o(i.strtof) for strtof
    distance.o(.text) refers to fdiv.o(x$fpl$fdiv) for __aeabi_fdiv
    distance.o(.text) refers to faddsub_clz.o(x$fpl$fadd) for __aeabi_fadd
    flash.o(.text) refers to flash.o(.data) for flashKey
    main.o(.text) refers to ffix.o(x$fpl$ffix) for __aeabi_f2iz
    main.o(.text) refers to fflt_clz.o(x$fpl$fflt) for __aeabi_i2f
    main.o(.text) refers to faddsub_clz.o(x$fpl$frsb) for __aeabi_frsub
    main.o(.text) refers to dflt_clz.o(x$fpl$dflt) for __aeabi_i2d
    main.o(.text) refers to pow.o(i.pow) for pow
    main.o(.text) refers to f2d.o(x$fpl$f2d) for __aeabi_f2d
    main.o(.text) refers to dmul.o(x$fpl$dmul) for __aeabi_dmul
    main.o(.text) refers to d2f.o(x$fpl$d2f) for __aeabi_d2f
    main.o(.text) refers to flash.o(.text) for flashEnable
    main.o(.text) refers to uart.o(.text) for UART0_OutChar
    main.o(.text) refers to systick timer.o(.text) for Systick_Wait1ms
    main.o(.text) refers to portf.o(.text) for PORTF_Output
    main.o(.text) refers to lcd.o(.text) for LCD_Data
    main.o(.text) refers to distance.o(.text) for convert_latitude
    main.o(.text) refers to totaldistance.o(.text) for TotalDistance
    main.o(.text) refers to faddsub_clz.o(x$fpl$fadd) for __aeabi_fadd
    main.o(.text) refers to main.o(.bss) for data2
    main.o(.text) refers to main.o(.data) for done
    __main.o(!!!main) refers to rtentry.o(.ARM.Collect$$rtentry$$00000000) for __rt_entry
    d2f.o(x$fpl$d2f) refers (Special) to usenofp.o(x$fpl$usenofp) for __I$use$fp
    d2f.o(x$fpl$d2f) refers to fretinf.o(x$fpl$fretinf) for __fpl_fretinf
    d2f.o(x$fpl$d2f) refers to dnaninf.o(x$fpl$dnaninf) for __fpl_dnaninf
    daddsub_clz.o(x$fpl$dadd) refers (Special) to usenofp.o(x$fpl$usenofp) for __I$use$fp
    daddsub_clz.o(x$fpl$dadd) refers to daddsub_clz.o(x$fpl$dsub) for _dsub1
    daddsub_clz.o(x$fpl$dadd) refers to dretinf.o(x$fpl$dretinf) for __fpl_dretinf
    daddsub_clz.o(x$fpl$dadd) refers to dnaninf.o(x$fpl$dnaninf) for __fpl_dnaninf
    daddsub_clz.o(x$fpl$drsb) refers (Special) to usenofp.o(x$fpl$usenofp) for __I$use$fp
    daddsub_clz.o(x$fpl$drsb) refers to daddsub_clz.o(x$fpl$dadd) for _dadd1
    daddsub_clz.o(x$fpl$drsb) refers to daddsub_clz.o(x$fpl$dsub) for _dsub1
    daddsub_clz.o(x$fpl$dsub) refers (Special) to usenofp.o(x$fpl$usenofp) for __I$use$fp
    daddsub_clz.o(x$fpl$dsub) refers to daddsub_clz.o(x$fpl$dadd) for _dadd1
    daddsub_clz.o(x$fpl$dsub) refers to dnaninf.o(x$fpl$dnaninf) for __fpl_dnaninf
    ddiv.o(x$fpl$drdiv) refers (Special) to usenofp.o(x$fpl$usenofp) for __I$use$fp
    ddiv.o(x$fpl$drdiv) refers to ddiv.o(x$fpl$ddiv) for ddiv_entry
    ddiv.o(x$fpl$ddiv) refers (Special) to usenofp.o(x$fpl$usenofp) for __I$use$fp
    ddiv.o(x$fpl$ddiv) refers to dretinf.o(x$fpl$dretinf) for __fpl_dretinf
    ddiv.o(x$fpl$ddiv) refers to dnaninf.o(x$fpl$dnaninf) for __fpl_dnaninf
[...]

Removing Unused input sections from the image.

    Removing flash.o(.rev16_text), (4 bytes).
    Removing flash.o(.revsh_text), (4 bytes).

2 unused section(s) (total 8 bytes) removed from the image.

==============================================================================

Image Symbol Table

    Local Symbols

    Symbol Name                              Value     Ov Type        Size  Object(Section)

    RESET                                    0x00000000   Section      620  startup_tm4c123.o(RESET)
    ../clib/angel/boardlib.s                 0x00000000   Number         0  boardinit3.o ABSOLUTE
    ../clib/angel/boardlib.s                 0x00000000   Number         0  boardinit2.o ABSOLUTE
    ../clib/angel/boardlib.s                 0x00000000   Number         0  boardinit1.o ABSOLUTE
    ../clib/angel/boardlib.s                 0x00000000   Number         0  boardshut.o ABSOLUTE
    ../clib/angel/handlers.s                 0x00000000   Number         0  __scatter_copy.o ABSOLUTE
    ../clib/angel/handlers.s                 0x00000000   Number         0  __scatter_zi.o ABSOLUTE
    ../clib/angel/kernel.s                   0x00000000   Number         0  rtentry2.o ABSOLUTE
    ../clib/angel/kernel.s                   0x00000000   Number         0  rtexit2.o ABSOLUTE
    ../clib/angel/kernel.s                   0x00000000   Number         0  rtexit.o ABSOLUTE
    ../clib/angel/kernel.s                   0x00000000   Number         0  rtentry4.o ABSOLUTE
    ../clib/angel/kernel.s                   0x00000000   Number         0  rtentry.o ABSOLUTE
    ../clib/angel/rt.s                       0x00000000   Number         0  rt_ctype_table.o ABSOLUTE
    ../clib/angel/rt.s                       0x00000000   Number         0  rt_raise.o ABSOLUTE
    ../clib/angel/rt.s                       0x00000000   Number         0  rt_locale.o ABSOLUTE
    ../clib/angel/rt.s                       0x00000000   Number         0  rt_locale_intlibspace.o ABSOLUTE
    ../clib/angel/rt.s                       0x00000000   Number         0  rt_errno_addr.o ABSOLUTE
    ../clib/angel/rt.s                       0x00000000   Number         0  rt_errno_addr_intlibspace.o ABSOLUTE
    ../clib/angel/scatter.s                  0x00000000   Number         0  __scatter.o ABSOLUTE
    ../clib/angel/startup.s                  0x00000000   Number         0  __main.o ABSOLUTE
    ../clib/angel/sys.s                      0x00000000   Number         0  use_no_semi.o ABSOLUTE
    ../clib/angel/sys.s                      0x00000000   Number         0  libspace.o ABSOLUTE
    ../clib/angel/sys.s                      0x00000000   Number         0  sys_stackheap_outer.o ABSOLUTE
    ../clib/angel/sys.s                      0x00000000   Number         0  indicate_semi.o ABSOLUTE
    ../clib/angel/sysapp.c                   0x00000000   Number         0  sys_wrch.o ABSOLUTE
    ../clib/angel/sysapp.c                   0x00000000   Number         0  sys_command.o ABSOLUTE
    ../clib/angel/sysapp.c                   0x00000000   Number         0  sys_exit.o ABSOLUTE
    ../clib/armsys.c                         0x00000000   Number         0  no_argv.o ABSOLUTE
    ../clib/armsys.c                         0x00000000   Number         0  _get_argv_nomalloc.o ABSOLUTE
    ../clib/armsys.c                         0x00000000   Number         0  argv_veneer.o ABSOLUTE
    ../clib/armsys.c                         0x00000000   Number         0  argv_veneer.o ABSOLUTE
    ../clib/bigflt.c                         0x00000000   Number         0  bigflt0.o ABSOLUTE
    ../clib/btod.s                           0x00000000   Number         0  btod.o ABSOLUTE
    ../clib/ctype.c                          0x00000000   Number         0  isspace.o ABSOLUTE
    ../clib/fenv.c                           0x00000000   Number         0  _rserrno.o ABSOLUTE
    ../clib/heapalloc.c                      0x00000000   Number         0  hrguard.o ABSOLUTE
    ../clib/heapaux.c                        0x00000000   Number         0  heapauxi.o ABSOLUTE
    ../clib/libinit.s                        0x00000000   Number         0  libshutdown2.o ABSOLUTE
    ../clib/libinit.s                        0x00000000   Number         0  libinit.o ABSOLUTE
    ../clib/libinit.s                        0x00000000   Number         0  libinit2.o ABSOLUTE
    ../clib/libinit.s                        0x00000000   Number         0  libshutdown.o ABSOLUTE
    ../clib/locale.s                         0x00000000   Number         0  lc_numeric_c.o ABSOLUTE
    ../clib/locale.s                         0x00000000   Number         0  lc_ctype_c.o ABSOLUTE
    ../clib/longlong.s                       0x00000000   Number         0  llshl.o ABSOLUTE
    ../clib/memcpset.s                       0x00000000   Number         0  strcmpv7m.o ABSOLUTE
    ../clib/scanf.c                          0x00000000   Number         0  _chval.o ABSOLUTE
    ../clib/scanf.c                          0x00000000   Number         0  scanf_hexfp.o ABSOLUTE
    ../clib/scanf.c                          0x00000000   Number         0  strtod.o ABSOLUTE
    ../clib/scanf.c                          0x00000000   Number         0  scanf_fp.o ABSOLUTE
    ../clib/scanf.c                          0x00000000   Number         0  _sgetc.o ABSOLUTE
    ../clib/scanf.c                          0x00000000   Number         0  scanf_infnan.o ABSOLUTE
    ../clib/signal.c                         0x00000000   Number         0  defsig_abrt_inner.o ABSOLUTE
    ../clib/signal.c                         0x00000000   Number         0  defsig_general.o ABSOLUTE
    ../clib/signal.c                         0x00000000   Number         0  __raise.o ABSOLUTE
    ../clib/signal.c                         0x00000000   Number         0  defsig_cppl_inner.o ABSOLUTE
    ../clib/signal.c                         0x00000000   Number         0  defsig_exit.o ABSOLUTE
    ../clib/signal.c                         0x00000000   Number         0  defsig_rtmem_formal.o ABSOLUTE
    ../clib/signal.c                         0x00000000   Number         0  defsig_rtmem_inner.o ABSOLUTE
    ../clib/signal.c                         0x00000000   Number         0  defsig_rtmem_outer.o ABSOLUTE
    ../clib/signal.c                         0x00000000   Number         0  defsig_other.o ABSOLUTE
    ../clib/signal.c                         0x00000000   Number         0  defsig_segv_inner.o ABSOLUTE
    ../clib/signal.c                         0x00000000   Number         0  defsig_pvfn_inner.o ABSOLUTE
    ../clib/signal.c                         0x00000000   Number         0  defsig_stak_inner.o ABSOLUTE
    ../clib/signal.c                         0x00000000   Number         0  defsig_rtred_inner.o ABSOLUTE
    ../clib/signal.c                         0x00000000   Number         0  defsig_fpe_inner.o ABSOLUTE
    ../clib/signal.s                         0x00000000   Number         0  defsig.o ABSOLUTE
    ../clib/stdlib.c                         0x00000000   Number         0  exit.o ABSOLUTE
    ../clib/string.c                         0x00000000   Number         0  strlen.o ABSOLUTE
    ../fplib/d2f.s                           0x00000000   Number         0  d2f.o ABSOLUTE
    ../fplib/daddsub.s                       0x00000000   Number         0  daddsub_clz.o ABSOLUTE
    ../fplib/dcheck1.s                       0x00000000   Number         0  dcheck1.o ABSOLUTE
    ../fplib/dcmpi.s                         0x00000000   Number         0  dcmpi.o ABSOLUTE
    ../fplib/ddiv.s                          0x00000000   Number         0  ddiv.o ABSOLUTE
    ../fplib/deqf.s                          0x00000000   Number         0  deqf.o ABSOLUTE
    ../fplib/dfix.s                          0x00000000   Number         0  dfix.o ABSOLUTE
    ../fplib/dflt.s                          0x00000000   Number         0  dflt_clz.o ABSOLUTE
    ../fplib/dleqf.s                         0x00000000   Number         0  dleqf.o ABSOLUTE
    ../fplib/dmul.s                          0x00000000   Number         0  dmul.o ABSOLUTE
    ../fplib/dnaninf.s                       0x00000000   Number         0  dnaninf.o ABSOLUTE
    ../fplib/dretinf.s                       0x00000000   Number         0  dretinf.o ABSOLUTE
    ../fplib/drleqf.s                        0x00000000   Number         0  drleqf.o ABSOLUTE
    ../fplib/dsqrt.s                         0x00000000   Number         0  dsqrt_umaal.o ABSOLUTE
    ../fplib/f2d.s                           0x00000000   Number         0  f2d.o ABSOLUTE
    ../fplib/faddsub.s                       0x00000000   Number         0  faddsub_clz.o ABSOLUTE
    ../fplib/fdiv.s                          0x00000000   Number         0  fdiv.o ABSOLUTE
    ../fplib/ffix.s                          0x00000000   Number         0  ffix.o ABSOLUTE
    ../fplib/fflt.s                          0x00000000   Number         0  fflt_clz.o ABSOLUTE
    ../fplib/fnaninf.s                       0x00000000   Number         0  fnaninf.o ABSOLUTE
    ../fplib/fpconst.s                       0x00000000   Number         0  fpconst.o ABSOLUTE
    ../fplib/fpinit.s                        0x00000000   Number         0  fpinit.o ABSOLUTE
    ../fplib/fretinf.s                       0x00000000   Number         0  fretinf.o ABSOLUTE
    ../fplib/istatus.s                       0x00000000   Number         0  istatus.o ABSOLUTE
    ../fplib/retnan.s                        0x00000000   Number         0  retnan.o ABSOLUTE
    ../fplib/scalbn.s                        0x00000000   Number         0  scalbn.o ABSOLUTE
    ../fplib/scanf1.s                        0x00000000   Number         0  scanf1.o ABSOLUTE
    ../fplib/scanf2.s                        0x00000000   Number         0  scanf2.o ABSOLUTE
    ../fplib/scanf2a.s                       0x00000000   Number         0  scanf2a.o ABSOLUTE
    ../fplib/scanf2b.s                       0x00000000   Number         0  scanf2b.o ABSOLUTE
    ../fplib/trapv.s                         0x00000000   Number         0  trapv.o ABSOLUTE
    ../fplib/usenofp.s                       0x00000000   Number         0  usenofp.o ABSOLUTE
    ../mathlib/asin.c                        0x00000000   Number         0  asin_x.o ABSOLUTE
    ../mathlib/asin.c                        0x00000000   Number         0  asin.o ABSOLUTE
    ../mathlib/cos.c                         0x00000000   Number         0  cos_x.o ABSOLUTE
    ../mathlib/cos.c                         0x00000000   Number         0  cos.o ABSOLUTE
    ../mathlib/cos_i.c                       0x00000000   Number         0  cos_i.o ABSOLUTE
    ../mathlib/dunder.c                      0x00000000   Number         0  dunder.o ABSOLUTE
    ../mathlib/fpclassify.c                  0x00000000   Number         0  fpclassify.o ABSOLUTE
    ../mathlib/frexp.c                       0x00000000   Number         0  frexp.o ABSOLUTE
    ../mathlib/ldexp.c                       0x00000000   Number         0  ldexp_x.o ABSOLUTE
    ../mathlib/ldexp.c                       0x00000000   Number         0  ldexp.o ABSOLUTE
    ../mathlib/narrow.c                      0x00000000   Number         0  narrow.o ABSOLUTE
    ../mathlib/poly.c                        0x00000000   Number         0  poly.o ABSOLUTE
    ../mathlib/pow.c                         0x00000000   Number         0  pow_x.o ABSOLUTE
    ../mathlib/pow.c                         0x00000000   Number         0  pow.o ABSOLUTE
    ../mathlib/qnan.c                        0x00000000   Number         0  qnan.o ABSOLUTE
    ../mathlib/rred.c                        0x00000000   Number         0  rred.o ABSOLUTE
    ../mathlib/sin.c                         0x00000000   Number         0  sin_x.o ABSOLUTE
    ../mathlib/sin.c                         0x00000000   Number         0  sin.o ABSOLUTE
    ../mathlib/sin_i.c                       0x00000000   Number         0  sin_i_x.o ABSOLUTE
    ../mathlib/sin_i.c                       0x00000000   Number         0  sin_i.o ABSOLUTE
    ../mathlib/sqrt.c                        0x00000000   Number         0  sqrt.o ABSOLUTE
    ../mathlib/sqrt.c                        0x00000000   Number         0  sqrt_x.o ABSOLUTE
    ../mathlib/strtof.c                      0x00000000   Number         0  strtof.o ABSOLUTE
    LCD.c                                    0x00000000   Number         0  lcd.o ABSOLUTE
    PORTF.c                                  0x00000000   Number         0  portf.o ABSOLUTE
    Systick timer.c                          0x00000000   Number         0  systick timer.o ABSOLUTE
    TotalDistance.c                          0x00000000   Number         0  totaldistance.o ABSOLUTE
    UART.c                                   0x00000000   Number         0  uart.o ABSOLUTE
    dc.s                                     0x00000000   Number         0  dc.o ABSOLUTE
    distance.c                               0x00000000   Number         0  distance.o ABSOLUTE
    flash.c                                  0x00000000   Number         0  flash.o ABSOLUTE
    flash.c                                  0x00000000   Number         0  flash.o ABSOLUTE
    main.c                                   0x00000000   Number         0  main.o ABSOLUTE
    startup_TM4C123.s                        0x00000000   Number         0  startup_tm4c123.o ABSOLUTE
    !!!main                                  0x0000026c   Section        8  __main.o(!!!main)
    !!!scatter                               0x00000274   Section       52  __scatter.o(!!!scatter)
    !!handler_copy                           0x000002a8   Section       26  __scatter_copy.o(!!handler_copy)
    !!handler_zi                             0x000002c4   Section       28  __scatter_zi.o(!!handler_zi)
    .ARM.Collect$$libinit$$00000000          0x000002e0   Section        2  libinit.o(.ARM.Collect$$libinit$$00000000)
    .ARM.Collect$$libinit$$00000002          0x000002e2   Section        0  libinit2.o(.ARM.Collect$$libinit$$00000002)
    .ARM.Collect$$libinit$$00000008          0x000002e2   Section        0  libinit2.o(.ARM.Collect$$libinit$$00000008)
    .ARM.Collect$$libinit$$0000000A          0x000002e2   Section        0  libinit2.o(.ARM.Collect$$libinit$$0000000A)
    .ARM.Collect$$libinit$$0000000C          0x000002e2   Section        0  libinit2.o(.ARM.Collect$$libinit$$0000000C)
    .ARM.Collect$$libinit$$0000000D          0x000002e2   Section        6  libinit2.o(.ARM.Collect$$libinit$$0000000D)
    .ARM.Collect$$libinit$$0000000F          0x000002e8   Section        0  libinit2.o(.ARM.Collect$$libinit$$0000000F)
    .ARM.Collect$$libinit$$00000010          0x000002e8   Section       12  libinit2.o(.ARM.Collect$$libinit$$00000010)
    .ARM.Collect$$libinit$$00000011          0x000002f4   Section        0  libinit2.o(.ARM.Collect$$libinit$$00000011)
    .ARM.Collect$$libinit$$00000013          0x000002f4   Section        0  libinit2.o(.ARM.Collect$$libinit$$00000013)
    .ARM.Collect$$libinit$$00000014          0x000002f4   Section       10  libinit2.o(.ARM.Collect$$libinit$$00000014)
    .ARM.Collect$$libinit$$00000015          0x000002fe   Section        0  libinit2.o(.ARM.Collect$$libinit$$00000015)
    .ARM.Collect$$libinit$$00000017          0x000002fe   Section        0  libinit2.o(.ARM.Collect$$libinit$$00000017)
    .ARM.Collect$$libinit$$00000019          0x000002fe   Section        0  libinit2.o(.ARM.Collect$$libinit$$00000019)
    .ARM.Collect$$libinit$$0000001B          0x000002fe   Section        0  libinit2.o(.ARM.Collect$$libinit$$0000001B)
    .ARM.Collect$$libinit$$0000001D          0x000002fe   Section        0  libinit2.o(.ARM.Collect$$libinit$$0000001D)
    .ARM.Collect$$libinit$$0000001F          0x000002fe   Section        0  libinit2.o(.ARM.Collect$$libinit$$0000001F)
    .ARM.Collect$$libinit$$00000021          0x000002fe   Section        0  libinit2.o(.ARM.Collect$$libinit$$00000021)
    .ARM.Collect$$libinit$$00000023          0x000002fe   Section        0  libinit2.o(.ARM.Collect$$libinit$$00000023)
    .ARM.Collect$$libinit$$0000002A          0x000002fe   Section        0  libinit2.o(.ARM.Collect$$libinit$$0000002A)
    .ARM.Collect$$libinit$$0000002C          0x000002fe   Section        0  libinit2.o(.ARM.Collect$$libinit$$0000002C)
    .ARM.Collect$$libinit$$0000002E          0x000002fe   Section        0  libinit2.o(.ARM.Collect$$libinit$$0000002E)
    .ARM.Collect$$libinit$$00000030          0x000002fe   Section        0  libinit2.o(.ARM.Collect$$libinit$$00000030)
    .ARM.Collect$$libinit$$00000031          0x000002fe   Section        2  libinit2.o(.ARM.Collect$$libinit$$00000031)
    .ARM.Collect$$libshutdown$$00000000      0x00000300   Section        2  libshutdown.o(.ARM.Collect$$libshutdown$$00000000)
    .ARM.Collect$$libshutdown$$00000003      0x00000302   Section        0  libshutdown2.o(.ARM.Collect$$libshutdown$$00000003)
    .ARM.Collect$$libshutdown$$00000006      0x00000302   Section        0  libshutdown2.o(.ARM.Collect$$libshutdown$$00000006)
    .ARM.Collect$$libshutdown$$00000009      0x00000302   Section        0  libshutdown2.o(.ARM.Collect$$libshutdown$$00000009)
    .ARM.Collect$$libshutdown$$0000000B      0x00000302   Section        0  libshutdown2.o(.ARM.Collect$$libshutdown$$0000000B)
    .ARM.Collect$$libshutdown$$0000000E      0x00000302   Section        0  libshutdown2.o(.ARM.Collect$$libshutdown$$0000000E)
    .ARM.Collect$$libshutdown$$0000000F      0x00000302   Section        2  libshutdown2.o(.ARM.Collect$$libshutdown$$0000000F)
    .ARM.Collect$$rtentry$$00000000          0x00000304   Section        0  rtentry.o(.ARM.Collect$$rtentry$$00000000)
    .ARM.Collect$$rtentry$$00000002          0x00000304   Section        0  rtentry2.o(.ARM.Collect$$rtentry$$00000002)
    .ARM.Collect$$rtentry$$00000004          0x00000304   Section        6  rtentry4.o(.ARM.Collect$$rtentry$$00000004)
    .ARM.Collect$$rtentry$$00000009          0x0000030a   Section        0  rtentry2.o(.ARM.Collect$$rtentry$$00000009)
    .ARM.Collect$$rtentry$$0000000A          0x0000030a   Section        4  rtentry2.o(.ARM.Collect$$rtentry$$0000000A)
    .ARM.Collect$$rtentry$$0000000C          0x0000030e   Section        0  rtentry2.o(.ARM.Collect$$rtentry$$0000000C)
    .ARM.Collect$$rtentry$$0000000D          0x0000030e   Section        8  rtentry2.o(.ARM.Collect$$rtentry$$0000000D)
    .ARM.Collect$$rtexit$$00000000           0x00000316   Section        2  rtexit.o(.ARM.Collect$$rtexit$$00000000)
    .ARM.Collect$$rtexit$$00000002           0x00000318   Section        0  rtexit2.o(.ARM.Collect$$rtexit$$00000002)
    .ARM.Collect$$rtexit$$00000003           0x00000318   Section        4  rtexit2.o(.ARM.Collect$$rtexit$$00000003)
    .ARM.Collect$$rtexit$$00000004           0x0000031c   Section        6  rtexit2.o(.ARM.Collect$$rtexit$$00000004)
    .text                                    0x00000324   Section      276  startup_tm4c123.o(.text)
    .text                                    0x00000438   Section        0  portf.o(.text)
    .text                                    0x0000058c   Section        0  lcd.o(.text)
    .text                                    0x000007f0   Section        0  systick timer.o(.text)
    .text                                    0x00000854   Section        0  uart.o(.text)
    .text                                    0x00000ae8   Section        0  totaldistance.o(.text)
    .text                                    0x00000c8c   Section        0  distance.o(.text)
    .text                                    0x00000d3c   Section        0  flash.o(.text)
    .text                                    0x00000e1c   Section        0  main.o(.text)
    .text                                    0x00001130   Section        0  strlen.o(.text)
    .text                                    0x00001170   Section      128  strcmpv7m.o(.text)
    .text                                    0x000011f0   Section        0  heapauxi.o(.text)
    .text                                    0x000011f6   Section        0  _rserrno.o(.text)
    .text                                    0x0000120c   Section        0  strtod.o(.text)
    _local_sscanf                            0x0000120d   Thumb Code    60  strtod.o(.text)
    .text                                    0x000012ac   Section        8  rt_errno_addr_intlibspace.o(.text)
    .text                                    0x000012b4   Section        0  isspace.o(.text)
    .text                                    0x000012c6   Section        0  _sgetc.o(.text)
    .text                                    0x00001308   Section        8  libspace.o(.text)
    .text                                    0x00001310   Section       74  sys_stackheap_outer.o(.text)
    .text                                    0x0000135c   Section       16  rt_ctype_table.o(.text)
    .text                                    0x0000136c   Section        0  scanf_fp.o(.text)
    _fp_value                                0x0000136d   Thumb Code   504  scanf_fp.o(.text)
    .text                                    0x00001810   Section        0  exit.o(.text)
    .text                                    0x0000181c   Section        8  rt_locale_intlibspace.o(.text)
    .text                                    0x00001824   Section        0  bigflt0.o(.text)
    .text                                    0x00001908   Section        0  scanf_hexfp.o(.text)
    .text                                    0x00001c1c   Section        0  scanf_infnan.o(.text)
    .text                                    0x00001d58   Section        0  sys_exit.o(.text)
    .text                                    0x00001d64   Section       38  llshl.o(.text)
    .text                                    0x00001d8a   Section        0  _chval.o(.text)
    .text                                    0x00001da6   Section        2  use_no_semi.o(.text)
    .text                                    0x00001da8   Section        0  indicate_semi.o(.text)
    CL$$btod_div_common                      0x00001da8   Section      824  btod.o(CL$$btod_div_common)
    CL$$btod_e2d                             0x000020e0   Section       84  btod.o(CL$$btod_e2d)
    CL$$btod_e2e                             0x00002134   Section      198  btod.o(CL$$btod_e2e)
    CL$$btod_ediv                            0x000021fa   Section       40  btod.o(CL$$btod_ediv)
    CL$$btod_edivd                           0x00002222   Section       40  btod.o(CL$$btod_edivd)
    CL$$btod_emul                            0x0000224a   Section       40  btod.o(CL$$btod_emul)
    CL$$btod_emuld                           0x00002272   Section       40  btod.o(CL$$btod_emuld)
    CL$$btod_mult_common                     0x0000229a   Section      580  btod.o(CL$$btod_mult_common)
    i.__ARM_fpclassify                       0x000024de   Section        0  fpclassify.o(i.__ARM_fpclassify)
    i.__ieee754_rem_pio2                     0x00002508   Section        0  rred.o(i.__ieee754_rem_pio2)
    i.__kernel_cos                           0x00002890   Section        0  cos_i.o(i.__kernel_cos)
    i.__kernel_poly                          0x0000298c   Section        0  poly.o(i.__kernel_poly)
    i.__kernel_sin                           0x00002a38   Section        0  sin_i.o(i.__kernel_sin)
    i.__mathlib_dbl_underflow                0x00002b24   Section        0  dunder.o(i.__mathlib_dbl_underflow)
    i.__mathlib_narrow                       0x00002b34   Section        0  narrow.o(i.__mathlib_narrow)
    i.__mathlib_tofloat                      0x00002b44   Section        0  narrow.o(i.__mathlib_tofloat)
    i.__support_ldexp                        0x00002bcc   Section        0  ldexp.o(i.__support_ldexp)
    i._is_digit                              0x00002be2   Section        0  scanf_fp.o(i._is_digit)
    i.asin                                   0x00002bf0   Section        0  asin.o(i.asin)
    i.cos                                    0x00002e6c   Section        0  cos.o(i.cos)
    i.frexp                                  0x00002f18   Section        0  frexp.o(i.frexp)
    i.ldexp                                  0x00002f70   Section        0  ldexp.o(i.ldexp)
    i.pow                                    0x00002ff0   Section        0  pow.o(i.pow)
    i.sin                                    0x000039d0   Section        0  sin.o(i.sin)
    i.sqrt                                   0x00003a80   Section        0  sqrt.o(i.sqrt)
    i.strtof                                 0x00003acc   Section        0  strtof.o(i.strtof)
    locale$$code                             0x00003af0   Section       44  lc_numeric_c.o(locale$$code)
    locale$$code                             0x00003b1c   Section       44  lc_ctype_c.o(locale$$code)
    x$fpl$d2f                                0x00003b48   Section       98  d2f.o(x$fpl$d2f)
    x$fpl$dadd                               0x00003bac   Section      336  daddsub_clz.o(x$fpl$dadd)
    _dadd1                                   0x00003bbd   Thumb Code     0  daddsub_clz.o(x$fpl$dadd)
    x$fpl$dcheck1                            0x00003cfc   Section       16  dcheck1.o(x$fpl$dcheck1)
    x$fpl$dcmpinf                            0x00003d0c   Section       24  dcmpi.o(x$fpl$dcmpinf)
    x$fpl$ddiv                               0x00003d24   Section      688  ddiv.o(x$fpl$ddiv)
    ddiv_entry                               0x00003d2b   Thumb Code     0  ddiv.o(x$fpl$ddiv)
    x$fpl$deqf                               0x00003fd4   Section      120  deqf.o(x$fpl$deqf)
    x$fpl$dfix                               0x0000404c   Section       94  dfix.o(x$fpl$dfix)
    x$fpl$dflt                               0x000040aa   Section       46  dflt_clz.o(x$fpl$dflt)
    x$fpl$dfltu                              0x000040d8   Section       38  dflt_clz.o(x$fpl$dfltu)
    x$fpl$dleqf                              0x00004100   Section      120  dleqf.o(x$fpl$dleqf)
    x$fpl$dmul                               0x00004178   Section      340  dmul.o(x$fpl$dmul)
    x$fpl$dnaninf                            0x000042cc   Section      156  dnaninf.o(x$fpl$dnaninf)
    x$fpl$dretinf                            0x00004368   Section       12  dretinf.o(x$fpl$dretinf)
    x$fpl$drleqf                             0x00004374   Section      108  drleqf.o(x$fpl$drleqf)
    x$fpl$drsb                               0x000043e0   Section       22  daddsub_clz.o(x$fpl$drsb)
    x$fpl$dsqrt                              0x000043f8   Section      408  dsqrt_umaal.o(x$fpl$dsqrt)
    x$fpl$dsub                               0x00004590   Section      468  daddsub_clz.o(x$fpl$dsub)
    _dsub1                                   0x000045a1   Thumb Code     0  daddsub_clz.o(x$fpl$dsub)
    x$fpl$f2d                                0x00004764   Section       86  f2d.o(x$fpl$f2d)
    x$fpl$fadd                               0x000047bc   Section      196  faddsub_clz.o(x$fpl$fadd)
    _fadd1                                   0x000047cb   Thumb Code     0  faddsub_clz.o(x$fpl$fadd)
    x$fpl$fdiv                               0x00004880   Section      388  fdiv.o(x$fpl$fdiv)
    _fdiv1                                   0x00004881   Thumb Code     0  fdiv.o(x$fpl$fdiv)
    x$fpl$ffix                               0x00004a04   Section       54  ffix.o(x$fpl$ffix)
    x$fpl$fflt                               0x00004a3c   Section       48  fflt_clz.o(x$fpl$fflt)
    x$fpl$fnaninf                            0x00004a6c   Section      140  fnaninf.o(x$fpl$fnaninf)
    x$fpl$fretinf                            0x00004af8   Section       10  fretinf.o(x$fpl$fretinf)
    x$fpl$frsb                               0x00004b02   Section       20  faddsub_clz.o(x$fpl$frsb)
    x$fpl$fsub                               0x00004b18   Section      234  faddsub_clz.o(x$fpl$fsub)
    _fsub1                                   0x00004b27   Thumb Code     0  faddsub_clz.o(x$fpl$fsub)
    x$fpl$retnan                             0x00004c02   Section      100  retnan.o(x$fpl$retnan)
    x$fpl$scalbn                             0x00004c66   Section       92  scalbn.o(x$fpl$scalbn)
    x$fpl$scanf1                             0x00004cc2   Section        4  scanf1.o(x$fpl$scanf1)
    x$fpl$scanf2                             0x00004cc6   Section        8  scanf2.o(x$fpl$scanf2)
    x$fpl$trapveneer                         0x00004cce   Section       48  trapv.o(x$fpl$trapveneer)
    x$fpl$usenofp                            0x00004cfe   Section        0  usenofp.o(x$fpl$usenofp)
    .constdata                               0x00004d00   Section       80  asin.o(.constdata)
    pS                                       0x00004d00   Data          48  asin.o(.constdata)
    qS                                       0x00004d30   Data          32  asin.o(.constdata)
    .constdata                               0x00004d50   Section      136  pow.o(.constdata)
    bp                                       0x00004d50   Data          16  pow.o(.constdata)
    dp_h                                     0x00004d60   Data          16  pow.o(.constdata)
    dp_l                                     0x00004d70   Data          16  pow.o(.constdata)
    L                                        0x00004d80   Data          48  pow.o(.constdata)
    P                                        0x00004db0   Data          40  pow.o(.constdata)
    .constdata                               0x00004dd8   Section       48  cos_i.o(.constdata)
    C                                        0x00004dd8   Data          48  cos_i.o(.constdata)
    .constdata                               0x00004e08   Section        8  qnan.o(.constdata)
    .constdata                               0x00004e10   Section      200  rred.o(.constdata)
    pio2s                                    0x00004e10   Data          48  rred.o(.constdata)
    twooverpi                                0x00004e40   Data         152  rred.o(.constdata)
    .constdata                               0x00004ed8   Section       40  sin_i.o(.constdata)
    S                                        0x00004ed8   Data          40  sin_i.o(.constdata)
    .constdata                               0x00004f00   Section      148  bigflt0.o(.constdata)
    tenpwrs_x                                0x00004f00   Data          60  bigflt0.o(.constdata)
    tenpwrs_i                                0x00004f3c   Data          64  bigflt0.o(.constdata)
    c$$dinf                                  0x00004fb4   Section        8  fpconst.o(c$$dinf)
    locale$$data                             0x00004fbc   Section       28  lc_numeric_c.o(locale$$data)
    __lcnum_c_name                           0x00004fc0   Data           2  lc_numeric_c.o(locale$$data)
    __lcnum_c_start                          0x00004fc8   Data           0  lc_numeric_c.o(locale$$data)
    __lcnum_c_point                          0x00004fd4   Data           0  lc_numeric_c.o(locale$$data)
    __lcnum_c_thousands                      0x00004fd6   Data           0  lc_numeric_c.o(locale$$data)
    __lcnum_c_grouping                       0x00004fd7   Data           0  lc_numeric_c.o(locale$$data)
    locale$$data                             0x00004fd8   Section      272  lc_ctype_c.o(locale$$data)
    __lcnum_c_end                            0x00004fd8   Data           0  lc_numeric_c.o(locale$$data)
    __lcctype_c_name                         0x00004fdc   Data           2  lc_ctype_c.o(locale$$data)
    __lcctype_c_start                        0x00004fe4   Data           0  lc_ctype_c.o(locale$$data)
    __lcctype_c_end                          0x000050e8   Data           0  lc_ctype_c.o(locale$$data)
    .data                                    0x20000000   Section        2  flash.o(.data)
    flashKey                                 0x20000000   Data           2  flash.o(.data)
    .data                                    0x20000004   Section       28  main.o(.data)
    .bss                                     0x20000020   Section     8000  main.o(.bss)
    .bss                                     0x20001f60   Section       96  libspace.o(.bss)
    HEAP                                     0x20001fc0   Section        0  startup_tm4c123.o(HEAP)
    STACK                                    0x20001fc0   Section      512  startup_tm4c123.o(STACK)
    Heap_Mem                                 0x20001fc0   Data           0  startup_tm4c123.o(HEAP)
    Stack_Mem                                0x20001fc0   Data         512  startup_tm4c123.o(STACK)
    __initial_sp                             0x200021c0   Data           0  startup_tm4c123.o(STACK)

    Global Symbols

    Symbol Name                              Value     Ov Type        Size  Object(Section)

    BuildAttributes$$THM_ISAv4$E$P$D$K$B$S$7EM$PE$A:L22UL41UL21$X:L11$S22US41US21$IEEE1$IW$USESV6$~STKCKD$USESV7$~SHL$OTIME$ROPI$IEEEX$EBA8$UX$STANDARDLIB$REQ8$PRES8$EABIv2 0x00000000   Number         0  anon$$obj.o ABSOLUTE
    __ARM_use_no_argv                        0x00000000   Number         0  main.o ABSOLUTE
    __Vectors                                0x00000000   Data           4  startup_tm4c123.o(RESET)
    __ARM_exceptions_init                     - Undefined Weak Reference
    __alloca_initialize                       - Undefined Weak Reference
    __cpp_initialize__aeabi_                  - Undefined Weak Reference
    __cxa_finalize                            - Undefined Weak Reference
    __sigvec_lookup                           - Undefined Weak Reference
    _atexit_init                              - Undefined Weak Reference
    _call_atexit_fns                          - Undefined Weak Reference
    _clock_init                               - Undefined Weak Reference
    _fp_trap_init                             - Undefined Weak Reference
    _fp_trap_shutdown                         - Undefined Weak Reference
    _get_lc_collate                           - Undefined Weak Reference
    _get_lc_monetary                          - Undefined Weak Reference
    _get_lc_time                              - Undefined Weak Reference
    _getenv_init                              - Undefined Weak Reference
    _handle_redirection                       - Undefined Weak Reference
    _init_alloc                               - Undefined Weak Reference
    _init_user_alloc                          - Undefined Weak Reference
    _initio                                   - Undefined Weak Reference
    _rand_init                                - Undefined Weak Reference
    _signal_finish                            - Undefined Weak Reference
    _signal_init                              - Undefined Weak Reference
    _terminate_alloc                          - Undefined Weak Reference
    _terminate_user_alloc                     - Undefined Weak Reference
    _terminateio                              - Undefined Weak Reference
    __Vectors_End                            0x0000026c   Data           0  startup_tm4c123.o(RESET)
    __Vectors_Size                           0x0000026c   Number         0  startup_tm4c123.o ABSOLUTE
    __main                                   0x0000026d   Thumb Code     8  __main.o(!!!main)
    __scatterload                            0x00000275   Thumb Code     0  __scatter.o(!!!scatter)
    __scatterload_rt2                        0x00000275   Thumb Code    44  __scatter.o(!!!scatter)
    __scatterload_rt2_thumb_only             0x00000275   Thumb Code     0  __scatter.o(!!!scatter)
    __scatterload_null                       0x00000283   Thumb Code     0  __scatter.o(!!!scatter)
    __scatterload_copy                       0x000002a9   Thumb Code    26  __scatter_copy.o(!!handler_copy)
    __scatterload_zeroinit                   0x000002c5   Thumb Code    28  __scatter_zi.o(!!handler_zi)
    __rt_lib_init                            0x000002e1   Thumb Code     0  libinit.o(.ARM.Collect$$libinit$$00000000)
    __rt_lib_init_fp_1                       0x000002e3   Thumb Code     0  libinit2.o(.ARM.Collect$$libinit$$00000002)
    __rt_lib_init_heap_1                     0x000002e3   Thumb Code     0  libinit2.o(.ARM.Collect$$libinit$$00000008)
    __rt_lib_init_lc_common                  0x000002e3   Thumb Code     0  libinit2.o(.ARM.Collect$$libinit$$0000000D)
    __rt_lib_init_rand_1                     0x000002e3   Thumb Code     0  libinit2.o(.ARM.Collect$$libinit$$0000000C)
    __rt_lib_init_user_alloc_1               0x000002e3   Thumb Code     0  libinit2.o(.ARM.Collect$$libinit$$0000000A)
    __rt_lib_init_lc_collate_1               0x000002e9   Thumb Code     0  libinit2.o(.ARM.Collect$$libinit$$0000000F)
    __rt_lib_init_lc_ctype_2                 0x000002e9   Thumb Code     0  libinit2.o(.ARM.Collect$$libinit$$00000010)
    __rt_lib_init_lc_ctype_1                 0x000002f5   Thumb Code     0  libinit2.o(.ARM.Collect$$libinit$$00000011)
    __rt_lib_init_lc_monetary_1              0x000002f5   Thumb Code     0  libinit2.o(.ARM.Collect$$libinit$$00000013)
    __rt_lib_init_lc_numeric_2               0x000002f5   Thumb Code     0  libinit2.o(.ARM.Collect$$libinit$$00000014)
    __rt_lib_init_alloca_1                   0x000002ff   Thumb Code     0  libinit2.o(.ARM.Collect$$libinit$$0000002C)
    __rt_lib_init_argv_1                     0x000002ff   Thumb Code     0  libinit2.o(.ARM.Collect$$libinit$$0000002A)
    __rt_lib_init_atexit_1                   0x000002ff   Thumb Code     0  libinit2.o(.ARM.Collect$$libinit$$00000019)
    __rt_lib_init_clock_1                    0x000002ff   Thumb Code     0  libinit2.o(.ARM.Collect$$libinit$$0000001F)
    __rt_lib_init_cpp_1                      0x000002ff   Thumb Code     0  libinit2.o(.ARM.Collect$$libinit$$00000030)
    __rt_lib_init_exceptions_1               0x000002ff   Thumb Code     0  libinit2.o(.ARM.Collect$$libinit$$0000002E)
    __rt_lib_init_fp_trap_1                  0x000002ff   Thumb Code     0  libinit2.o(.ARM.Collect$$libinit$$0000001D)
    __rt_lib_init_getenv_1                   0x000002ff   Thumb Code     0  libinit2.o(.ARM.Collect$$libinit$$00000021)
    __rt_lib_init_lc_numeric_1               0x000002ff   Thumb Code     0  libinit2.o(.ARM.Collect$$libinit$$00000015)
    __rt_lib_init_lc_time_1                  0x000002ff   Thumb Code     0  libinit2.o(.ARM.Collect$$libinit$$00000017)
    __rt_lib_init_return                     0x000002ff   Thumb Code     0  libinit2.o(.ARM.Collect$$libinit$$00000031)
    __rt_lib_init_signal_1                   0x000002ff   Thumb Code     0  libinit2.o(.ARM.Collect$$libinit$$0000001B)
    __rt_lib_init_stdio_1                    0x000002ff   Thumb Code     0  libinit2.o(.ARM.Collect$$libinit$$00000023)
    __rt_lib_shutdown                        0x00000301   Thumb Code     0  libshutdown.o(.ARM.Collect$$libshutdown$$00000000)
    __rt_lib_shutdown_fp_trap_1              0x00000303   Thumb Code     0  libshutdown2.o(.ARM.Collect$$libshutdown$$00000006)
    __rt_lib_shutdown_heap_1                 0x00000303   Thumb Code     0  libshutdown2.o(.ARM.Collect$$libshutdown$$0000000E)
    __rt_lib_shutdown_return                 0x00000303   Thumb Code     0  libshutdown2.o(.ARM.Collect$$libshutdown$$0000000F)
    __rt_lib_shutdown_signal_1               0x00000303   Thumb Code     0  libshutdown2.o(.ARM.Collect$$libshutdown$$00000009)
    __rt_lib_shutdown_stdio_1                0x00000303   Thumb Code     0  libshutdown2.o(.ARM.Collect$$libshutdown$$00000003)
    __rt_lib_shutdown_user_alloc_1           0x00000303   Thumb Code     0  libshutdown2.o(.ARM.Collect$$libshutdown$$0000000B)
    __rt_entry                               0x00000305   Thumb Code     0  rtentry.o(.ARM.Collect$$rtentry$$00000000)
    __rt_entry_presh_1                       0x00000305   Thumb Code     0  rtentry2.o(.ARM.Collect$$rtentry$$00000002)
    __rt_entry_sh                            0x00000305   Thumb Code     0  rtentry4.o(.ARM.Collect$$rtentry$$00000004)
    __rt_entry_li                            0x0000030b   Thumb Code     0  rtentry2.o(.ARM.Collect$$rtentry$$0000000A)
    __rt_entry_postsh_1                      0x0000030b   Thumb Code     0  rtentry2.o(.ARM.Collect$$rtentry$$00000009)
    __rt_entry_main                          0x0000030f   Thumb Code     0  rtentry2.o(.ARM.Collect$$rtentry$$0000000D)
    __rt_entry_postli_1                      0x0000030f   Thumb Code     0  rtentry2.o(.ARM.Collect$$rtentry$$0000000C)
    __rt_exit                                0x00000317   Thumb Code     0  rtexit.o(.ARM.Collect$$rtexit$$00000000)
    __rt_exit_ls                             0x00000319   Thumb Code     0  rtexit2.o(.ARM.Collect$$rtexit$$00000003)
    __rt_exit_prels_1                        0x00000319   Thumb Code     0  rtexit2.o(.ARM.Collect$$rtexit$$00000002)
    __rt_exit_exit                           0x0000031d   Thumb Code     0  rtexit2.o(.ARM.Collect$$rtexit$$00000004)
    Reset_Handler                            0x00000325   Thumb Code     8  startup_tm4c123.o(.text)
    NMI_Handler                              0x0000032d   Thumb Code     2  startup_tm4c123.o(.text)
    HardFault_Handler                        0x0000032f   Thumb Code     2  startup_tm4c123.o(.text)
    MemManage_Handler                        0x00000331   Thumb Code     2  startup_tm4c123.o(.text)
    BusFault_Handler                         0x00000333   Thumb Code     2  startup_tm4c123.o(.text)
    UsageFault_Handler                       0x00000335   Thumb Code     2  startup_tm4c123.o(.text)
    SVC_Handler                              0x00000337   Thumb Code     2  startup_tm4c123.o(.text)
    DebugMon_Handler                         0x00000339   Thumb Code     2  startup_tm4c123.o(.text)
    PendSV_Handler                           0x0000033b   Thumb Code     2  startup_tm4c123.o(.text)
    SysTick_Handler                          0x0000033d   Thumb Code     2  startup_tm4c123.o(.text)
    GPIOA_Handler                            0x0000033f   Thumb Code     2  startup_tm4c123.o(.text)
    GPIOB_Handler                            0x00000341   Thumb Code     2  startup_tm4c123.o(.text)
    GPIOC_Handler                            0x00000343   Thumb Code     2  startup_tm4c123.o(.text)
    GPIOD_Handler                            0x00000345   Thumb Code     2  startup_tm4c123.o(.text)
    GPIOE_Handler                            0x00000347   Thumb Code     2  startup_tm4c123.o(.text)
    UART0_Handler                            0x00000349   Thumb Code     2  startup_tm4c123.o(.text)
    UART1_Handler                            0x0000034b   Thumb Code     2  startup_tm4c123.o(.text)
    SSI0_Handler                             0x0000034d   Thumb Code     2  startup_tm4c123.o(.text)
    I2C0_Handler                             0x0000034f   Thumb Code     2  startup_tm4c123.o(.text)
    PMW0_FAULT_Handler                       0x00000351   Thumb Code     2  startup_tm4c123.o(.text)
    PWM0_0_Handler                           0x00000353   Thumb Code     2  startup_tm4c123.o(.text)
    PWM0_1_Handler                           0x00000355   Thumb Code     2  startup_tm4c123.o(.text)
    PWM0_2_Handler                           0x00000357   Thumb Code     2  startup_tm4c123.o(.text)
    QEI0_Handler                             0x00000359   Thumb Code     2  startup_tm4c123.o(.text)
    ADC0SS0_Handler                          0x0000035b   Thumb Code     2  startup_tm4c123.o(.text)
    ADC0SS1_Handler                          0x0000035d   Thumb Code     2  startup_tm4c123.o(.text)
    ADC0SS2_Handler                          0x0000035f   Thumb Code     2  startup_tm4c123.o(.text)
    ADC0SS3_Handler                          0x00000361   Thumb Code     2  startup_tm4c123.o(.text)
    WDT0_Handler                             0x00000363   Thumb Code     2  startup_tm4c123.o(.text)
    TIMER0A_Handler                          0x00000365   Thumb Code     2  startup_tm4c123.o(.text)
    TIMER0B_Handler                          0x00000367   Thumb Code     2  startup_tm4c123.o(.text)
    TIMER1A_Handler                          0x00000369   Thumb Code     2  startup_tm4c123.o(.text)
    TIMER1B_Handler                          0x0000036b   Thumb Code     2  startup_tm4c123.o(.text)
    TIMER2A_Handler                          0x0000036d   Thumb Code     2  startup_tm4c123.o(.text)
    TIMER2B_Handler                          0x0000036f   Thumb Code     2  startup_tm4c123.o(.text)
    COMP0_Handler                            0x00000371   Thumb Code     2  startup_tm4c123.o(.text)
    COMP1_Handler                            0x00000373   Thumb Code     2  startup_tm4c123.o(.text)
    COMP2_Handler                            0x00000375   Thumb Code     2  startup_tm4c123.o(.text)
    SYSCTL_Handler                           0x00000377   Thumb Code     2  startup_tm4c123.o(.text)
    FLASH_Handler                            0x00000379   Thumb Code     2  startup_tm4c123.o(.text)
    GPIOG_Handler                            0x0000037d   Thumb Code     2  startup_tm4c123.o(.text)
    GPIOH_Handler                            0x0000037f   Thumb Code     2  startup_tm4c123.o(.text)
    UART2_Handler                            0x00000381   Thumb Code     2  startup_tm4c123.o(.text)
    SSI1_Handler                             0x00000383   Thumb Code     2  startup_tm4c123.o(.text)
    TIMER3A_Handler                          0x00000385   Thumb Code     2  startup_tm4c123.o(.text)
    TIMER3B_Handler                          0x00000387   Thumb Code     2  startup_tm4c123.o(.text)
    I2C1_Handler                             0x00000389   Thumb Code     2  startup_tm4c123.o(.text)
    QEI1_Handler                             0x0000038b   Thumb Code     2  startup_tm4c123.o(.text)
    CAN0_Handler                             0x0000038d   Thumb Code     2  startup_tm4c123.o(.text)
    CAN1_Handler                             0x0000038f   Thumb Code     2  startup_tm4c123.o(.text)
    CAN2_Handler                             0x00000391   Thumb Code     2  startup_tm4c123.o(.text)
    HIB_Handler                              0x00000393   Thumb Code     2  startup_tm4c123.o(.text)
    USB0_Handler                             0x00000395   Thumb Code     2  startup_tm4c123.o(.text)
    PWM0_3_Handler                           0x00000397   Thumb Code     2  startup_tm4c123.o(.text)
    UDMA_Handler                             0x00000399   Thumb Code     2  startup_tm4c123.o(.text)
    UDMAERR_Handler                          0x0000039b   Thumb Code     2  startup_tm4c123.o(.text)
    ADC1SS0_Handler                          0x0000039d   Thumb Code     2  startup_tm4c123.o(.text)
    ADC1SS1_Handler                          0x0000039f   Thumb Code     2  startup_tm4c123.o(.text)
    ADC1SS2_Handler                          0x000003a1   Thumb Code     2  startup_tm4c123.o(.text)
    ADC1SS3_Handler                          0x000003a3   Thumb Code     2  startup_tm4c123.o(.text)
    GPIOJ_Handler                            0x000003a5   Thumb Code     2  startup_tm4c123.o(.text)
    GPIOK_Handler                            0x000003a7   Thumb Code     2  startup_tm4c123.o(.text)
    GPIOL_Handler                            0x000003a9   Thumb Code     2  startup_tm4c123.o(.text)
    SSI2_Handler                             0x000003ab   Thumb Code     2  startup_tm4c123.o(.text)
    SSI3_Handler                             0x000003ad   Thumb Code     2  startup_tm4c123.o(.text)
    UART3_Handler                            0x000003af   Thumb Code     2  startup_tm4c123.o(.text)
    UART4_Handler                            0x000003b1   Thumb Code     2  startup_tm4c123.o(.text)
    UART5_Handler                            0x000003b3   Thumb Code     2  startup_tm4c123.o(.text)
    UART6_Handler                            0x000003b5   Thumb Code     2  startup_tm4c123.o(.text)
    UART7_Handler                            0x000003b7   Thumb Code     2  startup_tm4c123.o(.text)
    I2C2_Handler                             0x000003b9   Thumb Code     2  startup_tm4c123.o(.text)
    I2C3_Handler                             0x000003bb   Thumb Code     2  startup_tm4c123.o(.text)
    TIMER4A_Handler                          0x000003bd   Thumb Code     2  startup_tm4c123.o(.text)
    TIMER4B_Handler                          0x000003bf   Thumb Code     2  startup_tm4c123.o(.text)
    TIMER5A_Handler                          0x000003c1   Thumb Code     2  startup_tm4c123.o(.text)
    TIMER5B_Handler                          0x000003c3   Thumb Code     2  startup_tm4c123.o(.text)
    WTIMER0A_Handler                         0x000003c5   Thumb Code     2  startup_tm4c123.o(.text)
    WTIMER0B_Handler                         0x000003c7   Thumb Code     2  startup_tm4c123.o(.text)
    WTIMER1A_Handler                         0x000003c9   Thumb Code     2  startup_tm4c123.o(.text)
    WTIMER1B_Handler                         0x000003cb   Thumb Code     2  startup_tm4c123.o(.text)
    WTIMER2A_Handler                         0x000003cd   Thumb Code     2  startup_tm4c123.o(.text)
    WTIMER2B_Handler                         0x000003cf   Thumb Code     2  startup_tm4c123.o(.text)
    WTIMER3A_Handler                         0x000003d1   Thumb Code     2  startup_tm4c123.o(.text)
    WTIMER3B_Handler                         0x000003d3   Thumb Code     2  startup_tm4c123.o(.text)
    WTIMER4A_Handler                         0x000003d5   Thumb Code     2  startup_tm4c123.o(.text)
    WTIMER4B_Handler                         0x000003d7   Thumb Code     2  startup_tm4c123.o(.text)
    WTIMER5A_Handler                         0x000003d9   Thumb Code     2  startup_tm4c123.o(.text)
    WTIMER5B_Handler                         0x000003db   Thumb Code     2  startup_tm4c123.o(.text)
    FPU_Handler                              0x000003dd   Thumb Code     2  startup_tm4c123.o(.text)
    I2C4_Handler                             0x000003df   Thumb Code     2  startup_tm4c123.o(.text)
    I2C5_Handler                             0x000003e1   Thumb Code     2  startup_tm4c123.o(.text)
    GPIOM_Handler                            0x000003e3   Thumb Code     2  startup_tm4c123.o(.text)
    GPION_Handler                            0x000003e5   Thumb Code     2  startup_tm4c123.o(.text)
    QEI2_Handler                             0x000003e7   Thumb Code     2  startup_tm4c123.o(.text)
    GPIOP0_Handler                           0x000003e9   Thumb Code     2  startup_tm4c123.o(.text)
    GPIOP1_Handler                           0x000003eb   Thumb Code     2  startup_tm4c123.o(.text)
    GPIOP2_Handler                           0x000003ed   Thumb Code     2  startup_tm4c123.o(.text)
    GPIOP3_Handler                           0x000003ef   Thumb Code     2  startup_tm4c123.o(.text)
    GPIOP4_Handler                           0x000003f1   Thumb Code     2  startup_tm4c123.o(.text)
    GPIOP5_Handler                           0x000003f3   Thumb Code     2  startup_tm4c123.o(.text)
    GPIOP6_Handler                           0x000003f5   Thumb Code     2  startup_tm4c123.o(.text)
    GPIOP7_Handler                           0x000003f7   Thumb Code     2  startup_tm4c123.o(.text)
    GPIOQ0_Handler                           0x000003f9   Thumb Code     2  startup_tm4c123.o(.text)
    GPIOQ1_Handler                           0x000003fb   Thumb Code     2  startup_tm4c123.o(.text)
    GPIOQ2_Handler                           0x000003fd   Thumb Code     2  startup_tm4c123.o(.text)
    GPIOQ3_Handler                           0x000003ff   Thumb Code     2  startup_tm4c123.o(.text)
    GPIOQ4_Handler                           0x00000401   Thumb Code     2  startup_tm4c123.o(.text)
    GPIOQ5_Handler                           0x00000403   Thumb Code     2  startup_tm4c123.o(.text)
    GPIOQ6_Handler                           0x00000405   Thumb Code     2  startup_tm4c123.o(.text)
    GPIOQ7_Handler                           0x00000407   Thumb Code     2  startup_tm4c123.o(.text)
    GPIOR_Handler                            0x00000409   Thumb Code     2  startup_tm4c123.o(.text)
    GPIOS_Handler                            0x0000040b   Thumb Code     2  startup_tm4c123.o(.text)
    PMW1_0_Handler                           0x0000040d   Thumb Code     2  startup_tm4c123.o(.text)
    PWM1_1_Handler                           0x0000040f   Thumb Code     2  startup_tm4c123.o(.text)
    PWM1_2_Handler                           0x00000411   Thumb Code     2  startup_tm4c123.o(.text)
    PWM1_3_Handler                           0x00000413   Thumb Code     2  startup_tm4c123.o(.text)
    PWM1_FAULT_Handler                       0x00000415   Thumb Code     2  startup_tm4c123.o(.text)
    __user_initial_stackheap                 0x00000419   Thumb Code     0  startup_tm4c123.o(.text)
    PORTF_Init                               0x00000439   Thumb Code   104  portf.o(.text)
    PORTF_Output                             0x000004a1   Thumb Code    30  portf.o(.text)
    PORTF_Input                              0x000004bf   Thumb Code    10  portf.o(.text)
    turn_on_Led_100                          0x000004c9   Thumb Code    16  portf.o(.text)
    PortF_Interrupt_Init                     0x000004d9   Thumb Code   146  portf.o(.text)
    LCD_Command                              0x0000058d   Thumb Code    76  lcd.o(.text)
    LCD_Init                                 0x000005d9   Thumb Code   302  lcd.o(.text)
    LCD_Char                                 0x00000707   Thumb Code    80  lcd.o(.text)
    LCD_Cursor                               0x00000757   Thumb Code    28  lcd.o(.text)
    LCD_Clear                                0x00000773   Thumb Code    10  lcd.o(.text)
    LCD_Data                                 0x0000077d   Thumb Code    86  lcd.o(.text)
    Systick_Init                             0x000007f1   Thumb Code    24  systick timer.o(.text)
    Systick_Wait                             0x00000809   Thumb Code    28  systick timer.o(.text)
    Systick_Wait1us                          0x00000825   Thumb Code    22  systick timer.o(.text)
    Systick_Wait1ms                          0x0000083b   Thumb Code    24  systick timer.o(.text)
    UART0_Init                               0x00000855   Thumb Code   130  uart.o(.text)
    UART2_Init                               0x000008d7   Thumb Code   148  uart.o(.text)
    UART0_InChar                             0x0000096b   Thumb Code    20  uart.o(.text)
    UART2_InChar                             0x0000097f   Thumb Code    20  uart.o(.text)
    UART2_OutChar                            0x00000993   Thumb Code    18  uart.o(.text)
    UART0_OutChar                            0x000009a5   Thumb Code    18  uart.o(.text)
    get_coordinates                          0x000009b7   Thumb Code   184  uart.o(.text)
    output                                   0x00000a6f   Thumb Code    82  uart.o(.text)
    TotalDistance                            0x00000ae9   Thumb Code   404  totaldistance.o(.text)
    convert_latitude                         0x00000c8d   Thumb Code    82  distance.o(.text)
    convert_longitude                        0x00000cdf   Thumb Code    88  distance.o(.text)
    flashEnable                              0x00000d3d   Thumb Code    30  flash.o(.text)
    flashErase                               0x00000d5b   Thumb Code    66  flash.o(.text)
    flashWrite                               0x00000d9d   Thumb Code    90  flash.o(.text)
    flashRead                                0x00000df7   Thumb Code    26  flash.o(.text)
    reverse                                  0x00000e1d   Thumb Code    28  main.o(.text)
    intToStr                                 0x00000e39   Thumb Code    72  main.o(.text)
    ftoa                                     0x00000e81   Thumb Code   140  main.o(.text)
    send_data                                0x00000f0d   Thumb Code   128  main.o(.text)
    GPIOF_Handler                            0x00000f8d   Thumb Code   130  main.o(.text)
    SystemInit                               0x0000100f   Thumb Code    36  main.o(.text)
    main                                     0x00001033   Thumb Code   210  main.o(.text)
    strlen                                   0x00001131   Thumb Code    62  strlen.o(.text)
    strcmp                                   0x00001171   Thumb Code   128  strcmpv7m.o(.text)
    __use_two_region_memory                  0x000011f1   Thumb Code     2  heapauxi.o(.text)
    __rt_heap_escrow$2region                 0x000011f3   Thumb Code     2  heapauxi.o(.text)
    __rt_heap_expand$2region                 0x000011f5   Thumb Code     2  heapauxi.o(.text)
    __read_errno                             0x000011f7   Thumb Code    10  _rserrno.o(.text)
    __set_errno                              0x00001201   Thumb Code    12  _rserrno.o(.text)
    __strtod_int                             0x00001249   Thumb Code    88  strtod.o(.text)
    __aeabi_errno_addr                       0x000012ad   Thumb Code     8  rt_errno_addr_intlibspace.o(.text)
    __errno$intlibspace                      0x000012ad   Thumb Code     0  rt_errno_addr_intlibspace.o(.text)
    __rt_errno_addr$intlibspace              0x000012ad   Thumb Code     0  rt_errno_addr_intlibspace.o(.text)
    isspace                                  0x000012b5   Thumb Code    18  isspace.o(.text)
    _sgetc                                   0x000012c7   Thumb Code    30  _sgetc.o(.text)
    _sbackspace                              0x000012e5   Thumb Code    34  _sgetc.o(.text)
    __user_libspace                          0x00001309   Thumb Code     8  libspace.o(.text)
    __user_perproc_libspace                  0x00001309   Thumb Code     0  libspace.o(.text)
    __user_perthread_libspace                0x00001309   Thumb Code     0  libspace.o(.text)
    __user_setup_stackheap                   0x00001311   Thumb Code    74  sys_stackheap_outer.o(.text)
    __rt_ctype_table                         0x0000135d   Thumb Code    16  rt_ctype_table.o(.text)
    _scanf_really_real                       0x00001565   Thumb Code   672  scanf_fp.o(.text)
    exit                                     0x00001811   Thumb Code    12  exit.o(.text)
    __rt_locale                              0x0000181d   Thumb Code     8  rt_locale_intlibspace.o(.text)
    _btod_etento                             0x00001825   Thumb Code   222  bigflt0.o(.text)
    _scanf_really_hex_real                   0x00001909   Thumb Code   776  scanf_hexfp.o(.text)
    _scanf_really_infnan                     0x00001c1d   Thumb Code   298  scanf_infnan.o(.text)
    _sys_exit                                0x00001d59   Thumb Code     8  sys_exit.o(.text)
    __aeabi_llsl                             0x00001d65   Thumb Code     0  llshl.o(.text)
    _ll_shift_l                              0x00001d65   Thumb Code    38  llshl.o(.text)
    _chval                                   0x00001d8b   Thumb Code    28  _chval.o(.text)
    __I$use$semihosting                      0x00001da7   Thumb Code     0  use_no_semi.o(.text)
    __use_no_semihosting_swi                 0x00001da7   Thumb Code     2  use_no_semi.o(.text)
    __btod_div_common                        0x00001da9   Thumb Code   696  btod.o(CL$$btod_div_common)
    __semihosting_library_function           0x00001da9   Thumb Code     0  indicate_semi.o(.text)
    _e2d                                     0x000020e1   Thumb Code    80  btod.o(CL$$btod_e2d)
    _e2e                                     0x00002135   Thumb Code   198  btod.o(CL$$btod_e2e)
    _btod_ediv                               0x000021fb   Thumb Code    40  btod.o(CL$$btod_ediv)
    _btod_edivd                              0x00002223   Thumb Code    40  btod.o(CL$$btod_edivd)
    _btod_emul                               0x0000224b   Thumb Code    40  btod.o(CL$$btod_emul)
    _btod_emuld                              0x00002273   Thumb Code    40  btod.o(CL$$btod_emuld)
    __btod_mult_common                       0x0000229b   Thumb Code   580  btod.o(CL$$btod_mult_common)
    __ARM_fpclassify                         0x000024df   Thumb Code    40  fpclassify.o(i.__ARM_fpclassify)
    __ieee754_rem_pio2                       0x00002509   Thumb Code   832  rred.o(i.__ieee754_rem_pio2)
    __kernel_cos                             0x00002891   Thumb Code   230  cos_i.o(i.__kernel_cos)
    __kernel_poly                            0x0000298d   Thumb Code   170  poly.o(i.__kernel_poly)
    __kernel_sin                             0x00002a39   Thumb Code   224  sin_i.o(i.__kernel_sin)
    __mathlib_dbl_underflow                  0x00002b25   Thumb Code    10  dunder.o(i.__mathlib_dbl_underflow)
    __mathlib_narrow                         0x00002b35   Thumb Code    16  narrow.o(i.__mathlib_narrow)
    __mathlib_tofloat                        0x00002b45   Thumb Code   132  narrow.o(i.__mathlib_tofloat)
    __support_ldexp                          0x00002bcd   Thumb Code    22  ldexp.o(i.__support_ldexp)
    _is_digit                                0x00002be3   Thumb Code    14  scanf_fp.o(i._is_digit)
    asin                                     0x00002bf1   Thumb Code   584  asin.o(i.asin)
    cos                                      0x00002e6d   Thumb Code   164  cos.o(i.cos)
    frexp                                    0x00002f19   Thumb Code    80  frexp.o(i.frexp)
    ldexp                                    0x00002f71   Thumb Code   126  ldexp.o(i.ldexp)
    pow                                      0x00002ff1   Thumb Code  2510  pow.o(i.pow)
    sin                                      0x000039d1   Thumb Code   166  sin.o(i.sin)
    sqrt                                     0x00003a81   Thumb Code    76  sqrt.o(i.sqrt)
    strtof                                   0x00003acd   Thumb Code    34  strtof.o(i.strtof)
    _get_lc_numeric                          0x00003af1   Thumb Code    44  lc_numeric_c.o(locale$$code)
    _get_lc_ctype                            0x00003b1d   Thumb Code    44  lc_ctype_c.o(locale$$code)
    __aeabi_d2f                              0x00003b49   Thumb Code     0  d2f.o(x$fpl$d2f)
    _d2f                                     0x00003b49   Thumb Code    98  d2f.o(x$fpl$d2f)
    __aeabi_dadd                             0x00003bad   Thumb Code     0  daddsub_clz.o(x$fpl$dadd)
    _dadd                                    0x00003bad   Thumb Code   332  daddsub_clz.o(x$fpl$dadd)
    __fpl_dcheck_NaN1                        0x00003cfd   Thumb Code    10  dcheck1.o(x$fpl$dcheck1)
    __fpl_dcmp_Inf                           0x00003d0d   Thumb Code    24  dcmpi.o(x$fpl$dcmpinf)
    __aeabi_ddiv                             0x00003d25   Thumb Code     0  ddiv.o(x$fpl$ddiv)
    _ddiv                                    0x00003d25   Thumb Code   552  ddiv.o(x$fpl$ddiv)
    __aeabi_cdcmpeq                          0x00003fd5   Thumb Code     0  deqf.o(x$fpl$deqf)
    _dcmpeq                                  0x00003fd5   Thumb Code   120  deqf.o(x$fpl$deqf)
    __aeabi_d2iz                             0x0000404d   Thumb Code     0  dfix.o(x$fpl$dfix)
    _dfix                                    0x0000404d   Thumb Code    94  dfix.o(x$fpl$dfix)
    __aeabi_i2d                              0x000040ab   Thumb Code     0  dflt_clz.o(x$fpl$dflt)
    _dflt                                    0x000040ab   Thumb Code    46  dflt_clz.o(x$fpl$dflt)
    __aeabi_ui2d                             0x000040d9   Thumb Code     0  dflt_clz.o(x$fpl$dfltu)
    _dfltu                                   0x000040d9   Thumb Code    38  dflt_clz.o(x$fpl$dfltu)
    __aeabi_cdcmple                          0x00004101   Thumb Code     0  dleqf.o(x$fpl$dleqf)
    _dcmple                                  0x00004101   Thumb Code   120  dleqf.o(x$fpl$dleqf)
    __fpl_dcmple_InfNaN                      0x00004163   Thumb Code     0  dleqf.o(x$fpl$dleqf)
    __aeabi_dmul                             0x00004179   Thumb Code     0  dmul.o(x$fpl$dmul)
    _dmul                                    0x00004179   Thumb Code   332  dmul.o(x$fpl$dmul)
    __fpl_dnaninf                            0x000042cd   Thumb Code   156  dnaninf.o(x$fpl$dnaninf)
    __fpl_dretinf                            0x00004369   Thumb Code    12  dretinf.o(x$fpl$dretinf)
    __aeabi_cdrcmple                         0x00004375   Thumb Code     0  drleqf.o(x$fpl$drleqf)
    _drcmple                                 0x00004375   Thumb Code   108  drleqf.o(x$fpl$drleqf)
    __aeabi_drsub                            0x000043e1   Thumb Code     0  daddsub_clz.o(x$fpl$drsb)
    _drsb                                    0x000043e1   Thumb Code    22  daddsub_clz.o(x$fpl$drsb)
    _dsqrt                                   0x000043f9   Thumb Code   404  dsqrt_umaal.o(x$fpl$dsqrt)
    __aeabi_dsub                             0x00004591   Thumb Code     0  daddsub_clz.o(x$fpl$dsub)
    _dsub                                    0x00004591   Thumb Code   464  daddsub_clz.o(x$fpl$dsub)
    __aeabi_f2d                              0x00004765   Thumb Code     0  f2d.o(x$fpl$f2d)
    _f2d                                     0x00004765   Thumb Code    86  f2d.o(x$fpl$f2d)
    __aeabi_fadd                             0x000047bd   Thumb Code     0  faddsub_clz.o(x$fpl$fadd)
    _fadd                                    0x000047bd   Thumb Code   196  faddsub_clz.o(x$fpl$fadd)
    __aeabi_fdiv                             0x00004881   Thumb Code     0  fdiv.o(x$fpl$fdiv)
    _fdiv                                    0x00004881   Thumb Code   384  fdiv.o(x$fpl$fdiv)
    __aeabi_f2iz                             0x00004a05   Thumb Code     0  ffix.o(x$fpl$ffix)
    _ffix                                    0x00004a05   Thumb Code    54  ffix.o(x$fpl$ffix)
    __aeabi_i2f                              0x00004a3d   Thumb Code     0  fflt_clz.o(x$fpl$fflt)
    _fflt                                    0x00004a3d   Thumb Code    48  fflt_clz.o(x$fpl$fflt)
    __fpl_fnaninf                            0x00004a6d   Thumb Code   140  fnaninf.o(x$fpl$fnaninf)
    __fpl_fretinf                            0x00004af9   Thumb Code    10  fretinf.o(x$fpl$fretinf)
    __aeabi_frsub                            0x00004b03   Thumb Code     0  faddsub_clz.o(x$fpl$frsb)
    _frsb                                    0x00004b03   Thumb Code    20  faddsub_clz.o(x$fpl$frsb)
    __aeabi_fsub                             0x00004b19   Thumb Code     0  faddsub_clz.o(x$fpl$fsub)
    _fsub                                    0x00004b19   Thumb Code   234  faddsub_clz.o(x$fpl$fsub)
    __fpl_return_NaN                         0x00004c03   Thumb Code   100  retnan.o(x$fpl$retnan)
    __ARM_scalbn                             0x00004c67   Thumb Code    92  scalbn.o(x$fpl$scalbn)
    _scanf_real                              0x00004cc3   Thumb Code     4  scanf1.o(x$fpl$scanf1)
    _scanf_hex_real                          0x00004cc7   Thumb Code     4  scanf2.o(x$fpl$scanf2)
    _scanf_infnan                            0x00004ccb   Thumb Code     4  scanf2.o(x$fpl$scanf2)
    __fpl_cmpreturn                          0x00004ccf   Thumb Code    48  trapv.o(x$fpl$trapveneer)
    __I$use$fp                               0x00004cfe   Number         0  usenofp.o(x$fpl$usenofp)
    __mathlib_zero                           0x00004e08   Data           8  qnan.o(.constdata)
    Region$$Table$$Base                      0x00004f94   Number         0  anon$$obj.o(Region$$Table)
    Region$$Table$$Limit                     0x00004fb4   Number         0  anon$$obj.o(Region$$Table)
    __aeabi_HUGE_VAL                         0x00004fb4   Data           0  fpconst.o(c$$dinf)
    __aeabi_HUGE_VALL                        0x00004fb4   Data           0  fpconst.o(c$$dinf)
    __aeabi_INFINITY                         0x00004fb4   Data           0  fpconst.o(c$$dinf)
    __dInf                                   0x00004fb4   Data           0  fpconst.o(c$$dinf)
    __huge_val                               0x00004fb4   Data           0  fpconst.o(c$$dinf)
    __ctype                                  0x00004fe5   Data           0  lc_ctype_c.o(locale$$data)
    start_flag                               0x20000004   Data           4  main.o(.data)
    end_flag                                 0x20000008   Data           4  main.o(.data)
    done                                     0x2000000c   Data           4  main.o(.data)
    total_distance                           0x20000010   Data           4  main.o(.data)
    Npoints                                  0x20000014   Data           4  main.o(.data)
    result                                   0x20000018   Data           8  main.o(.data)
    data                                     0x20000020   Data        4000  main.o(.bss)
    data2                                    0x20000fc0   Data        4000  main.o(.bss)
    __libspace_start                         0x20001f60   Data          96  libspace.o(.bss)
    __temporary_stack_top$libspace           0x20001fc0   Data           0  libspace.o(.bss)



==============================================================================

Memory Map of the image

  Image Entry point : 0x00000325

  Load Region LR_1 (Base: 0x00000000, Size: 0x00005108, Max: 0xffffffff, ABSOLUTE)

    Execution Region ER_RO (Base: 0x00000000, Size: 0x000050e8, Max: 0xffffffff, ABSOLUTE)

    Base Addr    Size         Type   Attr      Idx    E Section Name        Object

    0x00000000   0x0000026c   Data   RO            3    RESET               startup_tm4c123.o
    0x0000026c   0x00000008   Code   RO          196  * !!!main             c_w.l(__main.o)
    0x00000274   0x00000034   Code   RO          590    !!!scatter          c_w.l(__scatter.o)
    0x000002a8   0x0000001a   Code   RO          592    !!handler_copy      c_w.l(__scatter_copy.o)
    0x000002c2   0x00000002   PAD
    0x000002c4   0x0000001c   Code   RO          594    !!handler_zi        c_w.l(__scatter_zi.o)
    0x000002e0   0x00000002   Code   RO          386    .ARM.Collect$$libinit$$00000000  c_w.l(libinit.o)
    0x000002e2   0x00000000   Code   RO          388    .ARM.Collect$$libinit$$00000002  c_w.l(libinit2.o)
    0x000002e2   0x00000000   Code   RO          391    .ARM.Collect$$libinit$$00000008  c_w.l(libinit2.o)
    0x000002e2   0x00000000   Code   RO          393    .ARM.Collect$$libinit$$0000000A  c_w.l(libinit2.o)
    0x000002e2   0x00000000   Code   RO          395    .ARM.Collect$$libinit$$0000000C  c_w.l(libinit2.o)
    0x000002e2   0x00000006   Code   RO          396    .ARM.Collect$$libinit$$0000000D  c_w.l(libinit2.o)
    0x000002e8   0x00000000   Code   RO          398    .ARM.Collect$$libinit$$0000000F  c_w.l(libinit2.o)
    0x000002e8   0x0000000c   Code   RO          399    .ARM.Collect$$libinit$$00000010  c_w.l(libinit2.o)
    0x000002f4   0x00000000   Code   RO          400    .ARM.Collect$$libinit$$00000011  c_w.l(libinit2.o)
    0x000002f4   0x00000000   Code   RO          402    .ARM.Collect$$libinit$$00000013  c_w.l(libinit2.o)
    0x000002f4   0x0000000a   Code   RO          403    .ARM.Collect$$libinit$$00000014  c_w.l(libinit2.o)
    0x000002fe   0x00000000   Code   RO          404    .ARM.Collect$$libinit$$00000015  c_w.l(libinit2.o)
    0x000002fe   0x00000000   Code   RO          406    .ARM.Collect$$libinit$$00000017  c_w.l(libinit2.o)
    0x000002fe   0x00000000   Code   RO          408    .ARM.Collect$$libinit$$00000019  c_w.l(libinit2.o)
    0x000002fe   0x00000000   Code   RO          410    .ARM.Collect$$libinit$$0000001B  c_w.l(libinit2.o)
    0x000002fe   0x00000000   Code   RO          412    .ARM.Collect$$libinit$$0000001D  c_w.l(libinit2.o)
    0x000002fe   0x00000000   Code   RO          414    .ARM.Collect$$libinit$$0000001F  c_w.l(libinit2.o)
    0x000002fe   0x00000000   Code   RO          416    .ARM.Collect$$libinit$$00000021  c_w.l(libinit2.o)
    0x000002fe   0x00000000   Code   RO          418    .ARM.Collect$$libinit$$00000023  c_w.l(libinit2.o)
    0x000002fe   0x00000000   Code   RO          422    .ARM.Collect$$libinit$$0000002A  c_w.l(libinit2.o)
    0x000002fe   0x00000000   Code   RO          424    .ARM.Collect$$libinit$$0000002C  c_w.l(libinit2.o)
    0x000002fe   0x00000000   Code   RO          426    .ARM.Collect$$libinit$$0000002E  c_w.l(libinit2.o)
    0x000002fe   0x00000000   Code   RO          428    .ARM.Collect$$libinit$$00000030  c_w.l(libinit2.o)
    0x000002fe   0x00000002   Code   RO          429    .ARM.Collect$$libinit$$00000031  c_w.l(libinit2.o)
    0x00000300   0x00000002   Code   RO          527    .ARM.Collect$$libshutdown$$00000000  c_w.l(libshutdown.o)
    0x00000302   0x00000000   Code   RO          551    .ARM.Collect$$libshutdown$$00000003  c_w.l(libshutdown2.o)
    0x00000302   0x00000000   Code   RO          554    .ARM.Collect$$libshutdown$$00000006  c_w.l(libshutdown2.o)
    0x00000302   0x00000000   Code   RO          557    .ARM.Collect$$libshutdown$$00000009  c_w.l(libshutdown2.o)
    0x00000302   0x00000000   Code   RO          559    .ARM.Collect$$libshutdown$$0000000B  c_w.l(libshutdown2.o)
    0x00000302   0x00000000   Code   RO          562    .ARM.Collect$$libshutdown$$0000000E  c_w.l(libshutdown2.o)
    0x00000302   0x00000002   Code   RO          563    .ARM.Collect$$libshutdown$$0000000F  c_w.l(libshutdown2.o)
    0x00000304   0x00000000   Code   RO          288    .ARM.Collect$$rtentry$$00000000  c_w.l(rtentry.o)
    0x00000304   0x00000000   Code   RO          332    .ARM.Collect$$rtentry$$00000002  c_w.l(rtentry2.o)
    0x00000304   0x00000006   Code   RO          344    .ARM.Collect$$rtentry$$00000004  c_w.l(rtentry4.o)
    0x0000030a   0x00000000   Code   RO          334    .ARM.Collect$$rtentry$$00000009  c_w.l(rtentry2.o)
    0x0000030a   0x00000004   Code   RO          335    .ARM.Collect$$rtentry$$0000000A  c_w.l(rtentry2.o)
    0x0000030e   0x00000000   Code   RO          337    .ARM.Collect$$rtentry$$0000000C  c_w.l(rtentry2.o)
    0x0000030e   0x00000008   Code   RO          338    .ARM.Collect$$rtentry$$0000000D  c_w.l(rtentry2.o)
    0x00000316   0x00000002   Code   RO          432    .ARM.Collect$$rtexit$$00000000  c_w.l(rtexit.o)
    0x00000318   0x00000000   Code   RO          491    .ARM.Collect$$rtexit$$00000002  c_w.l(rtexit2.o)
    0x00000318   0x00000004   Code   RO          492    .ARM.Collect$$rtexit$$00000003  c_w.l(rtexit2.o)
    0x0000031c   0x00000006   Code   RO          493    .ARM.Collect$$rtexit$$00000004  c_w.l(rtexit2.o)
    0x00000322   0x00000002   PAD
    0x00000324   0x00000114   Code   RO            4  * .text               startup_tm4c123.o
    0x00000438   0x00000154   Code   RO           10    .text               portf.o
    0x0000058c   0x00000264   Code   RO           35    .text               lcd.o
    0x000007f0   0x00000062   Code   RO           50    .text               systick timer.o
    0x00000852   0x00000002   PAD
    0x00000854   0x00000294   Code   RO           65    .text               uart.o
    0x00000ae8   0x000001a4   Code   RO           80    .text               totaldistance.o
    0x00000c8c   0x000000b0   Code   RO          103    .text               distance.o
    0x00000d3c   0x000000e0   Code   RO          123    .text               flash.o
    0x00000e1c   0x00000314   Code   RO          169    .text               main.o
    0x00001130   0x0000003e   Code   RO          190    .text               c_w.l(strlen.o)
    0x0000116e   0x00000002   PAD
    0x00001170   0x00000080   Code   RO          192    .text               c_w.l(strcmpv7m.o)
    0x000011f0   0x00000006   Code   RO          194    .text               c_w.l(heapauxi.o)
    0x000011f6   0x00000016   Code   RO          289    .text               c_w.l(_rserrno.o)
    0x0000120c   0x000000a0   Code   RO          291    .text               c_w.l(strtod.o)
    0x000012ac   0x00000008   Code   RO          349    .text               c_w.l(rt_errno_addr_intlibspace.o)
    0x000012b4   0x00000012   Code   RO          351    .text               c_w.l(isspace.o)
    0x000012c6   0x00000040   Code   RO          353    .text               c_w.l(_sgetc.o)
    0x00001306   0x00000002   PAD
    0x00001308   0x00000008   Code   RO          368    .text               c_w.l(libspace.o)
    0x00001310   0x0000004a   Code   RO          371    .text               c_w.l(sys_stackheap_outer.o)
    0x0000135a   0x00000002   PAD
    0x0000135c   0x00000010   Code   RO          373    .text               c_w.l(rt_ctype_table.o)
    0x0000136c   0x000004a4   Code   RO          375    .text               c_w.l(scanf_fp.o)
    0x00001810   0x0000000c   Code   RO          379    .text               c_w.l(exit.o)
    0x0000181c   0x00000008   Code   RO          437    .text               c_w.l(rt_locale_intlibspace.o)
    0x00001824   0x000000e4   Code   RO          439    .text               c_w.l(bigflt0.o)
    0x00001908   0x00000314   Code   RO          497    .text               c_w.l(scanf_hexfp.o)
    0x00001c1c   0x0000013c   Code   RO          499    .text               c_w.l(scanf_infnan.o)
    0x00001d58   0x0000000c   Code   RO          513    .text               c_w.l(sys_exit.o)
    0x00001d64   0x00000026   Code   RO          517    .text               c_w.l(llshl.o)
    0x00001d8a   0x0000001c   Code   RO          519    .text               c_w.l(_chval.o)
    0x00001da6   0x00000002   Code   RO          540    .text               c_w.l(use_no_semi.o)
    0x00001da8   0x00000000   Code   RO          542    .text               c_w.l(indicate_semi.o)
    0x00001da8   0x00000338   Code   RO          452    CL$$btod_div_common  c_w.l(btod.o)
    0x000020e0   0x00000054   Code   RO          450    CL$$btod_e2d        c_w.l(btod.o)
    0x00002134   0x000000c6   Code   RO          449    CL$$btod_e2e        c_w.l(btod.o)
    0x000021fa   0x00000028   Code   RO          446    CL$$btod_ediv       c_w.l(btod.o)
    0x00002222   0x00000028   Code   RO          448    CL$$btod_edivd      c_w.l(btod.o)
    0x0000224a   0x00000028   Code   RO          445    CL$$btod_emul       c_w.l(btod.o)
    0x00002272   0x00000028   Code   RO          447    CL$$btod_emuld      c_w.l(btod.o)
    0x0000229a   0x00000244   Code   RO          451    CL$$btod_mult_common  c_w.l(btod.o)
    0x000024de   0x00000028   Code   RO          315    i.__ARM_fpclassify  m_ws.l(fpclassify.o)
    0x00002506   0x00000002   PAD
    0x00002508   0x00000388   Code   RO          320    i.__ieee754_rem_pio2  m_ws.l(rred.o)
    0x00002890   0x000000fc   Code   RO          310    i.__kernel_cos      m_ws.l(cos_i.o)
    0x0000298c   0x000000aa   Code   RO          317    i.__kernel_poly     m_ws.l(poly.o)
    0x00002a36   0x00000002   PAD
    0x00002a38   0x000000ec   Code   RO          325    i.__kernel_sin      m_ws.l(sin_i.o)
    0x00002b24   0x00000010   Code   RO          313    i.__mathlib_dbl_underflow  m_ws.l(dunder.o)
    0x00002b34   0x00000010   Code   RO          484    i.__mathlib_narrow  m_ws.l(narrow.o)
    0x00002b44   0x00000088   Code   RO          485    i.__mathlib_tofloat  m_ws.l(narrow.o)
    0x00002bcc   0x00000016   Code   RO          529    i.__support_ldexp   m_ws.l(ldexp.o)
    0x00002be2   0x0000000e   Code   RO          377    i._is_digit         c_w.l(scanf_fp.o)
    0x00002bf0   0x0000027c   Code   RO          241    i.asin              m_ws.l(asin.o)
    0x00002e6c   0x000000ac   Code   RO          251    i.cos               m_ws.l(cos.o)
    0x00002f18   0x00000058   Code   RO          508    i.frexp             m_ws.l(frexp.o)
    0x00002f70   0x0000007e   Code   RO          530    i.ldexp             m_ws.l(ldexp.o)
    0x00002fee   0x00000002   PAD
    0x00002ff0   0x000009e0   Code   RO          259    i.pow               m_ws.l(pow.o)
    0x000039d0   0x000000b0   Code   RO          269    i.sin               m_ws.l(sin.o)
    0x00003a80   0x0000004c   Code   RO          277    i.sqrt              m_ws.l(sqrt.o)
    0x00003acc   0x00000022   Code   RO          285    i.strtof            m_ws.l(strtof.o)
    0x00003aee   0x00000002   PAD
    0x00003af0   0x0000002c   Code   RO          356    locale$$code        c_w.l(lc_numeric_c.o)
    0x00003b1c   0x0000002c   Code   RO          465    locale$$code        c_w.l(lc_ctype_c.o)
    0x00003b48   0x00000062   Code   RO          198    x$fpl$d2f           fz_ws.l(d2f.o)
    0x00003baa   0x00000002   PAD
    0x00003bac   0x00000150   Code   RO          200    x$fpl$dadd          fz_ws.l(daddsub_clz.o)
    0x00003cfc   0x00000010   Code   RO          358    x$fpl$dcheck1       fz_ws.l(dcheck1.o)
    0x00003d0c   0x00000018   Code   RO          360    x$fpl$dcmpinf       fz_ws.l(dcmpi.o)
    0x00003d24   0x000002b0   Code   RO          207    x$fpl$ddiv          fz_ws.l(ddiv.o)
    0x00003fd4   0x00000078   Code   RO          505    x$fpl$deqf          fz_ws.l(deqf.o)
    0x0000404c   0x0000005e   Code   RO          362    x$fpl$dfix          fz_ws.l(dfix.o)
    0x000040aa   0x0000002e   Code   RO          211    x$fpl$dflt          fz_ws.l(dflt_clz.o)
    0x000040d8   0x00000026   Code   RO          210    x$fpl$dfltu         fz_ws.l(dflt_clz.o)
    0x000040fe   0x00000002   PAD
    0x00004100   0x00000078   Code   RO          293    x$fpl$dleqf         fz_ws.l(dleqf.o)
    0x00004178   0x00000154   Code   RO          216    x$fpl$dmul          fz_ws.l(dmul.o)
    0x000042cc   0x0000009c   Code   RO          295    x$fpl$dnaninf       fz_ws.l(dnaninf.o)
    0x00004368   0x0000000c   Code   RO          297    x$fpl$dretinf       fz_ws.l(dretinf.o)
    0x00004374   0x0000006c   Code   RO          299    x$fpl$drleqf        fz_ws.l(drleqf.o)
    0x000043e0   0x00000016   Code   RO          201    x$fpl$drsb          fz_ws.l(daddsub_clz.o)
    0x000043f6   0x00000002   PAD
    0x000043f8   0x00000198   Code   RO          301    x$fpl$dsqrt         fz_ws.l(dsqrt_umaal.o)
    0x00004590   0x000001d4   Code   RO          202    x$fpl$dsub          fz_ws.l(daddsub_clz.o)
    0x00004764   0x00000056   Code   RO          218    x$fpl$f2d           fz_ws.l(f2d.o)
    0x000047ba   0x00000002   PAD
    0x000047bc   0x000000c4   Code   RO          220    x$fpl$fadd          fz_ws.l(faddsub_clz.o)
    0x00004880   0x00000184   Code   RO          227    x$fpl$fdiv          fz_ws.l(fdiv.o)
    0x00004a04   0x00000036   Code   RO          230    x$fpl$ffix          fz_ws.l(ffix.o)
    0x00004a3a   0x00000002   PAD
    0x00004a3c   0x00000030   Code   RO          235    x$fpl$fflt          fz_ws.l(fflt_clz.o)
    0x00004a6c   0x0000008c   Code   RO          303    x$fpl$fnaninf       fz_ws.l(fnaninf.o)
    0x00004af8   0x0000000a   Code   RO          305    x$fpl$fretinf       fz_ws.l(fretinf.o)
    0x00004b02   0x00000014   Code   RO          221    x$fpl$frsb          fz_ws.l(faddsub_clz.o)
    0x00004b16   0x00000002   PAD
    0x00004b18   0x000000ea   Code   RO          222    x$fpl$fsub          fz_ws.l(faddsub_clz.o)
    0x00004c02   0x00000064   Code   RO          430    x$fpl$retnan        fz_ws.l(retnan.o)
    0x00004c66   0x0000005c   Code   RO          307    x$fpl$scalbn        fz_ws.l(scalbn.o)
    0x00004cc2   0x00000004   Code   RO          366    x$fpl$scanf1        fz_ws.l(scanf1.o)
    0x00004cc6   0x00000008   Code   RO          476    x$fpl$scanf2        fz_ws.l(scanf2.o)
    0x00004cce   0x00000030   Code   RO          482    x$fpl$trapveneer    fz_ws.l(trapv.o)
    0x00004cfe   0x00000000   Code   RO          309    x$fpl$usenofp       fz_ws.l(usenofp.o)
    0x00004cfe   0x00000002   PAD
    0x00004d00   0x00000050   Data   RO          242    .constdata          m_ws.l(asin.o)
    0x00004d50   0x00000088   Data   RO          260    .constdata          m_ws.l(pow.o)
    0x00004dd8   0x00000030   Data   RO          311    .constdata          m_ws.l(cos_i.o)
    0x00004e08   0x00000008   Data   RO          319    .constdata          m_ws.l(qnan.o)
    0x00004e10   0x000000c8   Data   RO          322    .constdata          m_ws.l(rred.o)
    0x00004ed8   0x00000028   Data   RO          326    .constdata          m_ws.l(sin_i.o)
    0x00004f00   0x00000094   Data   RO          440    .constdata          c_w.l(bigflt0.o)
    0x00004f94   0x00000020   Data   RO          588    Region$$Table       anon$$obj.o
    0x00004fb4   0x00000008   Data   RO          469    c$$dinf             fz_ws.l(fpconst.o)
    0x00004fbc   0x0000001c   Data   RO          355    locale$$data        c_w.l(lc_numeric_c.o)
    0x00004fd8   0x00000110   Data   RO          464    locale$$data        c_w.l(lc_ctype_c.o)


    Execution Region ER_RW (Base: 0x20000000, Size: 0x00000020, Max: 0xffffffff, ABSOLUTE)

    Base Addr    Size         Type   Attr      Idx    E Section Name        Object

    0x20000000   0x00000002   Data   RW          124    .data               flash.o
    0x20000002   0x00000002   PAD
    0x20000004   0x0000001c   Data   RW          171    .data               main.o


    Execution Region ER_ZI (Base: 0x20000020, Size: 0x000021a0, Max: 0xffffffff, ABSOLUTE)

    Base Addr    Size         Type   Attr      Idx    E Section Name        Object

    0x20000020   0x00001f40   Zero   RW          170    .bss                main.o
    0x20001f60   0x00000060   Zero   RW          369    .bss                c_w.l(libspace.o)
    0x20001fc0   0x00000000   Zero   RW            2    HEAP                startup_tm4c123.o
    0x20001fc0   0x00000200   Zero   RW            1    STACK               startup_tm4c123.o


==============================================================================

Image component sizes


      Code (inc. data)   RO Data    RW Data    ZI Data      Debug   Object Name

       176          6          0          0          0       1057   distance.o
       224         12          0          2          0       1282   flash.o
       612         30          0          0          0       1510   lcd.o
       788         44          0         28       8000       3056   main.o
       340         34          0          0          0       5439   portf.o
       276         24        620          0        512       5356   startup_tm4c123.o
        98          0          0          0          0       1008   systick timer.o
       420         16          0          0          0        744   totaldistance.o
       660         40          0          0          0       2297   uart.o

    ----------------------------------------------------------------------
      3596        206        652         32       8512      21749   Object Totals
         0          0         32          0          0          0   (incl. Generated)
         2          0          0          2          0          0   (incl. Padding)

    ----------------------------------------------------------------------

      Code (inc. data)   RO Data    RW Data    ZI Data      Debug   Library Member Name

         8          0          0          0          0         68   __main.o
        52          8          0          0          0          0   __scatter.o
        26          0          0          0          0          0   __scatter_copy.o
        28          0          0          0          0          0   __scatter_zi.o
        28          0          0          0          0         68   _chval.o
        22          0          0          0          0        100   _rserrno.o
        64          0          0          0          0         84   _sgetc.o
       228          6        148          0          0         96   bigflt0.o
      1846        132          0          0          0        736   btod.o
        12          0          0          0          0         72   exit.o
         6          0          0          0          0        152   heapauxi.o
         0          0          0          0          0          0   indicate_semi.o
        18          0          0          0          0         76   isspace.o
        44         10        272          0          0         76   lc_ctype_c.o
        44         10         28          0          0         76   lc_numeric_c.o
         2          0          0          0          0          0   libinit.o
        30          0          0          0          0          0   libinit2.o
         2          0          0          0          0          0   libshutdown.o
         2          0          0          0          0          0   libshutdown2.o
         8          4          0          0         96         68   libspace.o
        38          0          0          0          0         68   llshl.o
        16          4          0          0          0         76   rt_ctype_table.o
         8          4          0          0          0         68   rt_errno_addr_intlibspace.o
         8          4          0          0          0         68   rt_locale_intlibspace.o
         0          0          0          0          0          0   rtentry.o
        12          0          0          0          0          0   rtentry2.o
         6          0          0          0          0          0   rtentry4.o
         2          0          0          0          0          0   rtexit.o
        10          0          0          0          0          0   rtexit2.o
      1202         12          0          0          0        216   scanf_fp.o
       788         12          0          0          0        100   scanf_hexfp.o
       316         18          0          0          0        100   scanf_infnan.o
       128          0          0          0          0         68   strcmpv7m.o
        62          0          0          0          0         76   strlen.o
       160         12          0          0          0        120   strtod.o
        12          4          0          0          0         68   sys_exit.o
        74          0          0          0          0         80   sys_stackheap_outer.o
         2          0          0          0          0         68   use_no_semi.o
        98          4          0          0          0         92   d2f.o
       826         16          0          0          0        348   daddsub_clz.o
        16          4          0          0          0         68   dcheck1.o
        24          0          0          0          0         68   dcmpi.o
       688        140          0          0          0        208   ddiv.o
       120          4          0          0          0         92   deqf.o
        94          4          0          0          0         92   dfix.o
        84          0          0          0          0        136   dflt_clz.o
       120          4          0          0          0         92   dleqf.o
       340         12          0          0          0        104   dmul.o
       156          4          0          0          0         92   dnaninf.o
        12          0          0          0          0         68   dretinf.o
       108          0          0          0          0         80   drleqf.o
       408         56          0          0          0        120   dsqrt_umaal.o
        86          4          0          0          0         84   f2d.o
       450          8          0          0          0        236   faddsub_clz.o
       388         76          0          0          0         96   fdiv.o
        54          4          0          0          0         84   ffix.o
        48          0          0          0          0         68   fflt_clz.o
       140          4          0          0          0         84   fnaninf.o
         0          0          8          0          0          0   fpconst.o
        10          0          0          0          0         68   fretinf.o
       100          0          0          0          0         68   retnan.o
        92          0          0          0          0         68   scalbn.o
         4          0          0          0          0         68   scanf1.o
         8          0          0          0          0         84   scanf2.o
        48          0          0          0          0         68   trapv.o
         0          0          0          0          0          0   usenofp.o
       636         52         80          0          0        168   asin.o
       172          8          0          0          0        112   cos.o
       252         22         48          0          0        124   cos_i.o
        16          6          0          0          0         68   dunder.o
        40          0          0          0          0         68   fpclassify.o
        88          8          0          0          0         76   frexp.o
       148          0          0          0          0        160   ldexp.o
       152          4          0          0          0        160   narrow.o
       170          0          0          0          0         96   poly.o
      2528        190        136          0          0        332   pow.o
         0          0          8          0          0          0   qnan.o
       904         72        200          0          0        140   rred.o
       176         10          0          0          0        116   sin.o
       236         12         40          0          0        128   sin_i.o
        76          0          0          0          0         84   sqrt.o
        34          0          0          0          0         84   strtof.o

    ----------------------------------------------------------------------
     15496        968        968          0         96       7500   Library Totals
        32          0          0          0          0          0   (incl. Padding)

    ----------------------------------------------------------------------

      Code (inc. data)   RO Data    RW Data    ZI Data      Debug   Library Name

      5314        240        448          0         96       2848   c_w.l
      4522        344          8          0          0       2736   fz_ws.l
      5628        384        512          0          0       1916   m_ws.l

    ----------------------------------------------------------------------
     15496        968        968          0         96       7500   Library Totals

    ----------------------------------------------------------------------

==============================================================================


      Code (inc. data)   RO Data    RW Data    ZI Data      Debug   

     19092       1174       1620         32       8608      24361   Grand Totals
     19092       1174       1620         32       8608      24361   ELF Image Totals
     19092       1174       1620         32          0          0   ROM Totals

==============================================================================

    Total RO  Size (Code + RO Data)                20712 (  20.23kB)
    Total RW  Size (RW Data + ZI Data)              8640 (   8.44kB)
    Total ROM Size (Code + RO Data + RW Data)      20744 (  20.26kB)

==============================================================================

